Archive member included to satisfy reference by file (symbol)

../../../../../CEENBoT Files\libcapi324v221.a(CBOT_main.o)
                              C:/Program Files (x86)/Atmel/Studio/7.0/Packs/atmel/ATmega_DFP/1.1.130/gcc/dev/atmega324p/avr5/crtatmega324p.o (main)
../../../../../CEENBoT Files\libcapi324v221.a(LCD_clear.o)
                              main.o (LCD_clear)
../../../../../CEENBoT Files\libcapi324v221.a(LCD_open.o)
                              main.o (LCD_open)
../../../../../CEENBoT Files\libcapi324v221.a(LCD_set_PGC_addr.o)
                              ../../../../../CEENBoT Files\libcapi324v221.a(LCD_clear.o) (LCD_set_PGC_addr)
../../../../../CEENBoT Files\libcapi324v221.a(LCD_set_backlight.o)
                              ../../../../../CEENBoT Files\libcapi324v221.a(LCD_open.o) (LCD_set_backlight)
../../../../../CEENBoT Files\libcapi324v221.a(LCD_set_next_PGC.o)
                              ../../../../../CEENBoT Files\libcapi324v221.a(LCD_clear.o) (LCD_set_next_PGC)
../../../../../CEENBoT Files\libcapi324v221.a(LCD_write.o)
                              ../../../../../CEENBoT Files\libcapi324v221.a(LCD_clear.o) (LCD_write)
../../../../../CEENBoT Files\libcapi324v221.a(__LCD_init.o)
                              ../../../../../CEENBoT Files\libcapi324v221.a(LCD_open.o) (__LCD_init)
../../../../../CEENBoT Files\libcapi324v221.a(LED_open.o)
                              main.o (LED_open)
../../../../../CEENBoT Files\libcapi324v221.a(LED_tog_pattern.o)
                              main.o (LED_tog_pattern)
../../../../../CEENBoT Files\libcapi324v221.a(__LED_init.o)
                              ../../../../../CEENBoT Files\libcapi324v221.a(LED_open.o) (__LED_init)
../../../../../CEENBoT Files\libcapi324v221.a(__LED_tog_pattern.o)
                              ../../../../../CEENBoT Files\libcapi324v221.a(LED_tog_pattern.o) (__LED_tog_pattern)
../../../../../CEENBoT Files\libcapi324v221.a(SPI_open.o)
                              ../../../../../CEENBoT Files\libcapi324v221.a(LCD_open.o) (SPI_open)
../../../../../CEENBoT Files\libcapi324v221.a(SPI_set_config_func.o)
                              ../../../../../CEENBoT Files\libcapi324v221.a(SPI_open.o) (SPI_set_config_func)
../../../../../CEENBoT Files\libcapi324v221.a(SPI_set_slave_addr.o)
                              ../../../../../CEENBoT Files\libcapi324v221.a(LCD_set_backlight.o) (SPI_set_slave_addr)
../../../../../CEENBoT Files\libcapi324v221.a(SPI_transmit.o)
                              ../../../../../CEENBoT Files\libcapi324v221.a(LCD_set_backlight.o) (SPI_transmit)
../../../../../CEENBoT Files\libcapi324v221.a(__SPI_init.o)
                              ../../../../../CEENBoT Files\libcapi324v221.a(SPI_open.o) (__SPI_init)
../../../../../CEENBoT Files\libcapi324v221.a(STEPPER_move.o)
                              main.o (STEPPER_move)
../../../../../CEENBoT Files\libcapi324v221.a(STEPPER_open.o)
                              main.o (STEPPER_open)
../../../../../CEENBoT Files\libcapi324v221.a(STEPPER_run.o)
                              ../../../../../CEENBoT Files\libcapi324v221.a(STEPPER_move.o) (STEPPER_run)
../../../../../CEENBoT Files\libcapi324v221.a(STEPPER_run2.o)
                              ../../../../../CEENBoT Files\libcapi324v221.a(STEPPER_move.o) (STEPPER_run2)
../../../../../CEENBoT Files\libcapi324v221.a(STEPPER_runn.o)
                              main.o (STEPPER_runn)
../../../../../CEENBoT Files\libcapi324v221.a(STEPPER_set_accel.o)
                              ../../../../../CEENBoT Files\libcapi324v221.a(STEPPER_move.o) (STEPPER_set_accel)
../../../../../CEENBoT Files\libcapi324v221.a(STEPPER_set_accel2.o)
                              main.o (STEPPER_set_accel2)
../../../../../CEENBoT Files\libcapi324v221.a(STEPPER_set_dir.o)
                              ../../../../../CEENBoT Files\libcapi324v221.a(STEPPER_run.o) (STEPPER_set_dir)
../../../../../CEENBoT Files\libcapi324v221.a(STEPPER_set_dir2.o)
                              ../../../../../CEENBoT Files\libcapi324v221.a(STEPPER_run2.o) (STEPPER_set_dir2)
../../../../../CEENBoT Files\libcapi324v221.a(STEPPER_set_mode.o)
                              ../../../../../CEENBoT Files\libcapi324v221.a(STEPPER_run.o) (STEPPER_set_mode)
../../../../../CEENBoT Files\libcapi324v221.a(STEPPER_set_speed.o)
                              ../../../../../CEENBoT Files\libcapi324v221.a(STEPPER_run.o) (STEPPER_set_speed)
../../../../../CEENBoT Files\libcapi324v221.a(STEPPER_set_speed2.o)
                              ../../../../../CEENBoT Files\libcapi324v221.a(STEPPER_run2.o) (STEPPER_set_speed2)
../../../../../CEENBoT Files\libcapi324v221.a(STEPPER_step.o)
                              ../../../../../CEENBoT Files\libcapi324v221.a(STEPPER_move.o) (STEPPER_step)
../../../../../CEENBoT Files\libcapi324v221.a(STEPPER_step2.o)
                              ../../../../../CEENBoT Files\libcapi324v221.a(STEPPER_move.o) (STEPPER_step2)
[...]
Memory Configuration

Name             Origin             Length             Attributes
text             0x00000000         0x00020000         xr
data             0x00800060         0x0000ffa0         rw !x
eeprom           0x00810000         0x00010000         rw !x
fuse             0x00820000         0x00000003         rw !x
lock             0x00830000         0x00000400         rw !x
signature        0x00840000         0x00000400         rw !x
user_signatures  0x00850000         0x00000400         rw !x
*default*        0x00000000         0xffffffff

Linker script and memory map

Address of section .data set to 0x800100
LOAD C:/Program Files (x86)/Atmel/Studio/7.0/Packs/atmel/ATmega_DFP/1.1.130/gcc/dev/atmega324p/avr5/crtatmega324p.o
LOAD main.o
START GROUP
LOAD ../../../../../CEENBoT Files\libcapi324v221.a
LOAD c:/program files (x86)/atmel/studio/7.0/toolchain/avr8/avr8-gnu-toolchain/bin/../lib/gcc/avr/4.9.2/../../../../avr/lib/avr5\libprintf_flt.a
LOAD c:/program files (x86)/atmel/studio/7.0/toolchain/avr8/avr8-gnu-toolchain/bin/../lib/gcc/avr/4.9.2/../../../../avr/lib/avr5\libm.a
END GROUP
START GROUP
LOAD c:/program files (x86)/atmel/studio/7.0/toolchain/avr8/avr8-gnu-toolchain/bin/../lib/gcc/avr/4.9.2/avr5\libgcc.a
LOAD c:/program files (x86)/atmel/studio/7.0/toolchain/avr8/avr8-gnu-toolchain/bin/../lib/gcc/avr/4.9.2/../../../../avr/lib/avr5\libm.a
LOAD c:/program files (x86)/atmel/studio/7.0/toolchain/avr8/avr8-gnu-toolchain/bin/../lib/gcc/avr/4.9.2/../../../../avr/lib/avr5\libc.a
LOAD C:/Program Files (x86)/Atmel/Studio/7.0/Packs/atmel/ATmega_DFP/1.1.130/gcc/dev/atmega324p/avr5\libatmega324p.a
END GROUP
                0x00020000                __TEXT_REGION_LENGTH__ = DEFINED (__TEXT_REGION_LENGTH__)?__TEXT_REGION_LENGTH__:0x20000
                0x0000ffa0                __DATA_REGION_LENGTH__ = DEFINED (__DATA_REGION_LENGTH__)?__DATA_REGION_LENGTH__:0xffa0
                0x00010000                __EEPROM_REGION_LENGTH__ = DEFINED (__EEPROM_REGION_LENGTH__)?__EEPROM_REGION_LENGTH__:0x10000
                [0x00000003]                __FUSE_REGION_LENGTH__ = DEFINED (__FUSE_REGION_LENGTH__)?__FUSE_REGION_LENGTH__:0x400
                0x00000400                __LOCK_REGION_LENGTH__ = DEFINED (__LOCK_REGION_LENGTH__)?__LOCK_REGION_LENGTH__:0x400
                0x00000400                __SIGNATURE_REGION_LENGTH__ = DEFINED (__SIGNATURE_REGION_LENGTH__)?__SIGNATURE_REGION_LENGTH__:0x400
                0x00000400                __USER_SIGNATURE_REGION_LENGTH__ = DEFINED (__USER_SIGNATURE_REGION_LENGTH__)?__USER_SIGNATURE_REGION_LENGTH__:0x400

.hash
 *(.hash)

.dynsym
 *(.dynsym)

.dynstr
 *(.dynstr)

.gnu.version
 *(.gnu.version)

.gnu.version_d
 *(.gnu.version_d)

.gnu.version_r
 *(.gnu.version_r)

.rel.init
 *(.rel.init)

.rela.init
 *(.rela.init)

.rel.text
 *(.rel.text)
 *(.rel.text.*)
 *(.rel.gnu.linkonce.t*)

.rela.text
 *(.rela.text)
 *(.rela.text.*)
 *(.rela.gnu.linkonce.t*)

.rel.fini
 *(.rel.fini)

.rela.fini
 *(.rela.fini)

.rel.rodata
 *(.rel.rodata)
 *(.rel.rodata.*)
 *(.rel.gnu.linkonce.r*)

.rela.rodata
 *(.rela.rodata)
 *(.rela.rodata.*)
 *(.rela.gnu.linkonce.r*)

.rel.data
 *(.rel.data)
 *(.rel.data.*)
 *(.rel.gnu.linkonce.d*)

.rela.data
 *(.rela.data)
 *(.rela.data.*)
 *(.rela.gnu.linkonce.d*)

.rel.ctors
 *(.rel.ctors)

.rela.ctors
 *(.rela.ctors)

.rel.dtors
 *(.rel.dtors)

.rela.dtors
 *(.rela.dtors)

.rel.got
 *(.rel.got)

.rela.got
 *(.rela.got)

.rel.bss
 *(.rel.bss)

.rela.bss
 *(.rela.bss)

.rel.plt
 *(.rel.plt)

.rela.plt
 *(.rela.plt)

.text           0x00000000     0x460e
 *(.vectors)
 .vectors       0x00000000       0x7c C:/Program Files (x86)/Atmel/Studio/7.0/Packs/atmel/ATmega_DFP/1.1.130/gcc/dev/atmega324p/avr5/crtatmega324p.o
                0x00000000                __vector_default
                0x00000000                __vectors
 *(.vectors)
 *(.progmem.gcc*)
 .progmem.gcc_fplib
                0x0000007c       0x28 c:/program files (x86)/atmel/studio/7.0/toolchain/avr8/avr8-gnu-toolchain/bin/../lib/gcc/avr/4.9.2/../../../../avr/lib/avr5\libm.a(exp.o)
 .progmem.gcc_fplib
                0x000000a4       0x5a c:/program files (x86)/atmel/studio/7.0/toolchain/avr8/avr8-gnu-toolchain/bin/../lib/gcc/avr/4.9.2/../../../../avr/lib/avr5\libm.a(log.o)
                0x000000fe                . = ALIGN (0x2)
                0x000000fe                __trampolines_start = .
 *(.trampolines)
 .trampolines   0x000000fe        0x0 linker stubs
 *(.trampolines*)
                0x000000fe                __trampolines_end = .
 *libprintf_flt.a:*(.progmem.data)
 .progmem.data  0x000000fe        0x8 c:/program files (x86)/atmel/studio/7.0/toolchain/avr8/avr8-gnu-toolchain/bin/../lib/gcc/avr/4.9.2/../../../../avr/lib/avr5\libprintf_flt.a(vfprintf_flt.o)
 *libc.a:*(.progmem.data)
 .progmem.data  0x00000106       0xfa c:/program files (x86)/atmel/studio/7.0/toolchain/avr8/avr8-gnu-toolchain/bin/../lib/gcc/avr/4.9.2/../../../../avr/lib/avr5\libc.a(ftoa_engine.o)
 *(.progmem*)
 .progmem.data  0x00000200      0x415 ../../../../../CEENBoT Files\libcapi324v221.a(LCD_globals.o)
                0x00000200                char_bitmap
                0x00000415                CEENBoT_Inc_logo_bitmap
                0x00000616                . = ALIGN (0x2)
 *fill*         0x00000615        0x1 
 *(.jumptables)
 *(.jumptables*)
 *(.lowtext)
 *(.lowtext*)
                0x00000616                __ctors_start = .
 *(.ctors)
                0x00000616                __ctors_end = .
                0x00000616                __dtors_start = .
 *(.dtors)
                0x00000616                __dtors_end = .
 SORT(*)(.ctors)
 SORT(*)(.dtors)
 *(.init0)
 .init0         0x00000616        0x0 C:/Program Files (x86)/Atmel/Studio/7.0/Packs/atmel/ATmega_DFP/1.1.130/gcc/dev/atmega324p/avr5/crtatmega324p.o
                0x00000616                __init
 *(.init0)
 *(.init1)
 *(.init1)
 *(.init2)
 .init2         0x00000616        0xc C:/Program Files (x86)/Atmel/Studio/7.0/Packs/atmel/ATmega_DFP/1.1.130/gcc/dev/atmega324p/avr5/crtatmega324p.o
 *(.init2)
 *(.init3)
 *(.init3)
 *(.init4)
 .init4         0x00000622       0x16 c:/program files (x86)/atmel/studio/7.0/toolchain/avr8/avr8-gnu-toolchain/bin/../lib/gcc/avr/4.9.2/avr5\libgcc.a(_copy_data.o)
                0x00000622                __do_copy_data
 .init4         0x00000638       0x10 c:/program files (x86)/atmel/studio/7.0/toolchain/avr8/avr8-gnu-toolchain/bin/../lib/gcc/avr/4.9.2/avr5\libgcc.a(_clear_bss.o)
                0x00000638                __do_clear_bss
 *(.init4)
 *(.init5)
 *(.init5)
 *(.init6)
 *(.init6)
 *(.init7)
 *(.init7)
 *(.init8)
 *(.init8)
 *(.init9)
 .init9         0x00000648        0x8 C:/Program Files (x86)/Atmel/Studio/7.0/Packs/atmel/ATmega_DFP/1.1.130/gcc/dev/atmega324p/avr5/crtatmega324p.o
 *(.init9)
 *(.text)
 .text          0x00000650        0x4 C:/Program Files (x86)/Atmel/Studio/7.0/Packs/atmel/ATmega_DFP/1.1.130/gcc/dev/atmega324p/avr5/crtatmega324p.o
                0x00000650                __vector_22
                0x00000650                __vector_28
                0x00000650                __vector_1
                0x00000650                __vector_24
                0x00000650                __bad_interrupt
                0x00000650                __vector_3
                0x00000650                __vector_23
                0x00000650                __vector_30
                0x00000650                __vector_25
                0x00000650                __vector_19
                0x00000650                __vector_27
                0x00000650                __vector_2
                0x00000650                __vector_21
                0x00000650                __vector_29
                0x00000650                __vector_8
                0x00000650                __vector_26
                0x00000650                __vector_20
 .text          0x00000654       0x12 ../../../../../CEENBoT Files\libcapi324v221.a(CBOT_main.o)
                0x00000654                main
 .text          0x00000666       0x4c ../../../../../CEENBoT Files\libcapi324v221.a(LCD_clear.o)
                0x00000666                LCD_clear
 .text          0x000006b2      0x110 ../../../../../CEENBoT Files\libcapi324v221.a(LCD_open.o)
                0x000006b2                LCD_open
 .text          0x000007c2       0x44 ../../../../../CEENBoT Files\libcapi324v221.a(LCD_set_PGC_addr.o)
                0x000007c2                LCD_set_PGC_addr
 .text          0x00000806       0x42 ../../../../../CEENBoT Files\libcapi324v221.a(LCD_set_backlight.o)
                0x00000806                LCD_set_backlight
 .text          0x00000848       0x24 ../../../../../CEENBoT Files\libcapi324v221.a(LCD_set_next_PGC.o)
                0x00000848                LCD_set_next_PGC
 .text          0x0000086c       0x36 ../../../../../CEENBoT Files\libcapi324v221.a(LCD_write.o)
                0x0000086c                LCD_write
 .text          0x000008a2        0x4 ../../../../../CEENBoT Files\libcapi324v221.a(__LCD_init.o)
                0x000008a2                __LCD_init
 .text          0x000008a6       0x18 ../../../../../CEENBoT Files\libcapi324v221.a(LED_open.o)
                0x000008a6                LED_open
 .text          0x000008be       0x18 ../../../../../CEENBoT Files\libcapi324v221.a(LED_tog_pattern.o)
                0x000008be                LED_tog_pattern
 .text          0x000008d6       0x12 ../../../../../CEENBoT Files\libcapi324v221.a(__LED_init.o)
                0x000008d6                __LED_init
 .text          0x000008e8       0x1e ../../../../../CEENBoT Files\libcapi324v221.a(__LED_tog_pattern.o)
                0x000008e8                __LED_tog_pattern
 .text          0x00000906       0x74 ../../../../../CEENBoT Files\libcapi324v221.a(SPI_open.o)
                0x00000906                SPI_open
 .text          0x0000097a       0x12 ../../../../../CEENBoT Files\libcapi324v221.a(SPI_set_config_func.o)
                0x0000097a                SPI_set_config_func
 .text          0x0000098c       0xbe ../../../../../CEENBoT Files\libcapi324v221.a(SPI_set_slave_addr.o)
                0x0000098c                SPI_set_slave_addr
 .text          0x00000a4a       0x1e ../../../../../CEENBoT Files\libcapi324v221.a(SPI_transmit.o)
                0x00000a4a                SPI_transmit
 .text          0x00000a68        0xe ../../../../../CEENBoT Files\libcapi324v221.a(__SPI_init.o)
                0x00000a68                __SPI_init
 .text          0x00000a76      0x244 ../../../../../CEENBoT Files\libcapi324v221.a(STEPPER_move.o)
                0x00000bca                STEPPER_move
 .text          0x00000cba       0xec ../../../../../CEENBoT Files\libcapi324v221.a(STEPPER_open.o)
                0x00000cba                STEPPER_open
 .text          0x00000da6       0x2e ../../../../../CEENBoT Files\libcapi324v221.a(STEPPER_run.o)
                0x00000da6                STEPPER_run
 .text          0x00000dd4       0x3a ../../../../../CEENBoT Files\libcapi324v221.a(STEPPER_run2.o)
                0x00000dd4                STEPPER_run2
 .text          0x00000e0e       0x90 ../../../../../CEENBoT Files\libcapi324v221.a(STEPPER_runn.o)
                0x00000e0e                STEPPER_runn
 .text          0x00000e9e       0x42 ../../../../../CEENBoT Files\libcapi324v221.a(STEPPER_set_accel.o)
                0x00000e9e                STEPPER_set_accel
 .text          0x00000ee0       0x38 ../../../../../CEENBoT Files\libcapi324v221.a(STEPPER_set_accel2.o)
                0x00000ee0                STEPPER_set_accel2
 .text          0x00000f18       0x2a ../../../../../CEENBoT Files\libcapi324v221.a(STEPPER_set_dir.o)
                0x00000f18                STEPPER_set_dir
 .text          0x00000f42       0x14 ../../../../../CEENBoT Files\libcapi324v221.a(STEPPER_set_dir2.o)
                0x00000f42                STEPPER_set_dir2
 .text          0x00000f56       0x2a ../../../../../CEENBoT Files\libcapi324v221.a(STEPPER_set_mode.o)
                0x00000f56                STEPPER_set_mode
 .text          0x00000f80       0x58 ../../../../../CEENBoT Files\libcapi324v221.a(STEPPER_set_speed.o)
                0x00000f80                STEPPER_set_speed
 .text          0x00000fd8       0x3c ../../../../../CEENBoT Files\libcapi324v221.a(STEPPER_set_speed2.o)
                0x00000fd8                STEPPER_set_speed2
 .text          0x00001014      0x124 ../../../../../CEENBoT Files\libcapi324v221.a(STEPPER_step.o)
                0x00001014                STEPPER_step
 .text          0x00001138      0x10a ../../../../../CEENBoT Files\libcapi324v221.a(STEPPER_step2.o)
                0x00001138                STEPPER_step2
 .text          0x00001242       0x4a ../../../../../CEENBoT Files\libcapi324v221.a(STEPPER_stop.o)
                0x00001242                STEPPER_stop
 .text          0x0000128c       0xde ../../../../../CEENBoT Files\libcapi324v221.a(STEPPER_wait_and_then.o)
                0x0000128c                STEPPER_wait_and_then
 .text          0x0000136a       0x14 ../../../../../CEENBoT Files\libcapi324v221.a(__STEPPER_init.o)
                0x0000136a                __STEPPER_init
 .text          0x0000137e       0x22 ../../../../../CEENBoT Files\libcapi324v221.a(SYS_decrement_refcount.o)
                0x0000137e                SYS_decrement_refcount
 .text          0x000013a0       0x1c ../../../../../CEENBoT Files\libcapi324v221.a(SYS_increment_refcount.o)
                0x000013a0                SYS_increment_refcount
 .text          0x000013bc       0x1a ../../../../../CEENBoT Files\libcapi324v221.a(SYS_isOpen.o)
                0x000013bc                SYS_isOpen
 .text          0x000013d6       0x6c ../../../../../CEENBoT Files\libcapi324v221.a(ATTINY_get_IR_state.o)
                0x000013d6                ATTINY_get_IR_state
 .text          0x00001442       0x64 ../../../../../CEENBoT Files\libcapi324v221.a(ATTINY_get_sensors.o)
                0x00001442                ATTINY_get_sensors
 .text          0x000014a6       0x58 ../../../../../CEENBoT Files\libcapi324v221.a(ATTINY_open.o)
                0x000014a6                ATTINY_open
 .text          0x000014fe       0x82 ../../../../../CEENBoT Files\libcapi324v221.a(__ATTINY_initialize_params.o)
                0x000014fe                __ATTINY_initialize_params
 .text          0x00001580       0x5c ../../../../../CEENBoT Files\libcapi324v221.a(TMRSRVC_delay.o)
                0x00001580                TMRSRVC_delay
 .text          0x000015dc       0x7e ../../../../../CEENBoT Files\libcapi324v221.a(TMRSRVC_new.o)
                0x000015dc                TMRSRVC_new
 .text          0x0000165a       0xd2 ../../../../../CEENBoT Files\libcapi324v221.a(__TMRSRVC_insert.o)
                0x0000165a                TMRSRVC_insert
 .text          0x0000172c       0x1c ../../../../../CEENBoT Files\libcapi324v221.a(CBOT_init.o)
                0x0000172c                CBOT_init
 .text          0x00001748      0x480 ../../../../../CEENBoT Files\libcapi324v221.a(CBOT_isr.o)
                0x00001748                CBOT_ISR_init
                0x0000174c                __vector_16
                0x0000179e                __vector_17
                0x000017f0                __vector_18
                0x00001842                __vector_9
                0x00001894                __vector_10
                0x000018e6                __vector_11
                0x00001938                __vector_13
                0x0000198a                __vector_14
                0x000019dc                __vector_12
                0x00001a2e                __vector_15
                0x00001a80                __vector_4
                0x00001ad2                __vector_5
                0x00001b24                __vector_6
                0x00001b76                __vector_7
 .text          0x00001bc8       0x24 ../../../../../CEENBoT Files\libcapi324v221.a(ISR_open.o)
                0x00001bc8                ISR_open
 .text          0x00001bec      0x168 ../../../../../CEENBoT Files\libcapi324v221.a(__LCD_putchar.o)
                0x00001bec                __LCD_putchar
 .text          0x00001d54       0x18 ../../../../../CEENBoT Files\libcapi324v221.a(LED_clr_pattern.o)
                0x00001d54                LED_clr_pattern
 .text          0x00001d6c        0xc ../../../../../CEENBoT Files\libcapi324v221.a(__LED_clr_pattern.o)
                0x00001d6c                __LED_clr_pattern
 .text          0x00001d78       0x12 ../../../../../CEENBoT Files\libcapi324v221.a(ATMEGA_open.o)
                0x00001d78                ATMEGA_open
 .text          0x00001d8a       0xac ../../../../../CEENBoT Files\libcapi324v221.a(ATMEGA_set_clk_mode.o)
                0x00001d8a                ATMEGA_set_clk_mode
 .text          0x00001e36        0x6 ../../../../../CEENBoT Files\libcapi324v221.a(__ATMEGA_init.o)
                0x00001e36                __ATMEGA_init
 .text          0x00001e3c       0x52 ../../../../../CEENBoT Files\libcapi324v221.a(SPI_cfgrs.o)
                0x00001e3c                SPI_FLASH_config
                0x00001e4e                SPI_default_config
                0x00001e5e                SPI_ATtiny0_config
                0x00001e6e                SPI_PSXC_config
                0x00001e7e                SPI_LCD_config
 .text          0x00001e8e       0x22 ../../../../../CEENBoT Files\libcapi324v221.a(SPI_receive.o)
                0x00001e8e                SPI_receive
 .text          0x00001eb0       0x64 ../../../../../CEENBoT Files\libcapi324v221.a(SPKR_close.o)
                0x00001eb0                __SPKR_close_beep_mode
                0x00001ec6                __SPKR_close_tone_mode
                0x00001f00                SPKR_close
 .text          0x00001f14      0x164 ../../../../../CEENBoT Files\libcapi324v221.a(SPKR_open.o)
                0x00001f14                __SPKR_set_up_freq_LUT
                0x00001fda                __SPKR_open_beep_mode
                0x00002000                __SPKR_open_tone_mode
                0x0000205e                SPKR_open
 .text          0x00002078       0xac ../../../../../CEENBoT Files\libcapi324v221.a(SPKR_play_beep.o)
                0x00002078                SPKR_play_beep
 .text          0x00002124       0x38 ../../../../../CEENBoT Files\libcapi324v221.a(__SPKR_close.o)
                0x00002124                __SPKR_close
 .text          0x0000215c       0x54 ../../../../../CEENBoT Files\libcapi324v221.a(__SPKR_init.o)
                0x0000215c                __SPKR_init
 .text          0x000021b0        0xc ../../../../../CEENBoT Files\libcapi324v221.a(__SPKR_stop.o)
                0x000021b0                __SPKR_stop
 .text          0x000021bc       0x2a ../../../../../CEENBoT Files\libcapi324v221.a(STEPPER_go.o)
                0x000021bc                STEPPER_go
 .text          0x000021e6       0x36 ../../../../../CEENBoT Files\libcapi324v221.a(STEPPER_set_steps.o)
                0x000021e6                STEPPER_set_steps
 .text          0x0000221c       0x1c ../../../../../CEENBoT Files\libcapi324v221.a(STEPPER_set_steps2.o)
                0x0000221c                STEPPER_set_steps2
 .text          0x00002238       0x2a ../../../../../CEENBoT Files\libcapi324v221.a(STEPPER_set_stop_mode.o)
                0x00002238                STEPPER_set_stop_mode
 .text          0x00002262       0x7a ../../../../../CEENBoT Files\libcapi324v221.a(STEPPER_setup_decels.o)
                0x00002262                STEPPER_setup_decels
 .text          0x000022dc       0x1e ../../../../../CEENBoT Files\libcapi324v221.a(SYS_init.o)
                0x000022dc                SYS_init
 .text          0x000022fa       0x10 ../../../../../CEENBoT Files\libcapi324v221.a(SYS_set_refcount.o)
                0x000022fa                SYS_set_refcount
 .text          0x0000230a       0x7a ../../../../../CEENBoT Files\libcapi324v221.a(ATTINY_get_firm_rev.o)
                0x0000230a                ATTINY_get_firm_rev
 .text          0x00002384       0x3a ../../../../../CEENBoT Files\libcapi324v221.a(TMRSRVC_open.o)
                0x00002384                TMRSRVC_open
 .text          0x000023be        0x8 ../../../../../CEENBoT Files\libcapi324v221.a(TMRSRVC_start.o)
                0x000023be                TMRSRVC_start
 .text          0x000023c6       0x12 ../../../../../CEENBoT Files\libcapi324v221.a(__TMRSRVC_init.o)
                0x000023c6                __TMRSRVC_init
 .text          0x000023d8        0xc ../../../../../CEENBoT Files\libcapi324v221.a(__TMRSRVC_start.o)
                0x000023d8                __TMRSRVC_start
 .text          0x000023e4       0x26 ../../../../../CEENBoT Files\libcapi324v221.a(ISR_attach.o)
                0x000023e4                ISR_attach
 .text          0x0000240a       0x20 ../../../../../CEENBoT Files\libcapi324v221.a(__ISR_attach.o)
                0x0000240a                __ISR_attach
 .text          0x0000242a        0x6 ../../../../../CEENBoT Files\libcapi324v221.a(ISR__SPKR__TIMER1_COMPA_vect.o)
                0x0000242a                __SPKR_TIMER1_COMPA_vect
 .text          0x00002430       0x48 ../../../../../CEENBoT Files\libcapi324v221.a(SPKR_beep.o)
                0x00002430                SPKR_beep
 .text          0x00002478       0x82 ../../../../../CEENBoT Files\libcapi324v221.a(SPKR_clk.o)
                0x00002478                SPKR_clk
 .text          0x000024fa       0xd6 ../../../../../CEENBoT Files\libcapi324v221.a(STEPPER_set_decel_step_values.o)
                0x000024fa                STEPPER_set_decel_step_values
 .text          0x000025d0        0xe ../../../../../CEENBoT Files\libcapi324v221.a(ISR__TIMER0_COMPA_vect.o)
                0x000025d0                __TIMER0_COMPA_vect
 .text          0x000025de       0x34 ../../../../../CEENBoT Files\libcapi324v221.a(TMRSRVC_tick.o)
                0x000025de                TMRSRVC_tick
 .text          0x00002612       0x4e ../../../../../CEENBoT Files\libcapi324v221.a(SPKR_beep_clk.o)
                0x00002612                SPKR_beep_clk
 .text          0x00002660      0x162 ../../../../../CEENBoT Files\libcapi324v221.a(STEPPER_clk.o)
                0x00002660                STEPPER_clk
 .text          0x000027c2       0x8a ../../../../../CEENBoT Files\libcapi324v221.a(STEPPER_process_accel.o)
                0x000027c2                STEPPER_process_accel
 .text          0x0000284c      0x1fe ../../../../../CEENBoT Files\libcapi324v221.a(STEPPER_process_run_mode.o)
                0x0000284c                STEPPER_process_run_mode
 .text          0x00002a4a       0xac ../../../../../CEENBoT Files\libcapi324v221.a(STEPPER_process_step_mode.o)
                0x00002a4a                STEPPER_process_step_mode
 .text          0x00002af6       0xd8 ../../../../../CEENBoT Files\libcapi324v221.a(TMRSRVC_process.o)
                0x00002af6                TMRSRVC_process
 .text          0x00002bce        0x6 ../../../../../CEENBoT Files\libcapi324v221.a(TMRSRVC_stop.o)
                0x00002bce                TMRSRVC_stop
 .text          0x00002bd4      0x130 ../../../../../CEENBoT Files\libcapi324v221.a(STEPPER_process_pwm.o)
                0x00002bd4                STEPPER_process_pwm
                0x00002d04                . = ALIGN (0x2)
 *(.text.*)
 .text.info_display
                0x00002d04       0x48 main.o
                0x00002d04                info_display
 .text.compare_actions
                0x00002d4c       0x5a main.o
                0x00002d4c                compare_actions
 .text.IR_sense
                0x00002da6       0x4c main.o
                0x00002da6                IR_sense
 .text.Cruise   0x00002df2       0x20 main.o
                0x00002df2                Cruise
 .text.IR_avoid
                0x00002e12      0x23e main.o
                0x00002e12                IR_avoid
 .text.act      0x00003050       0x40 main.o
                0x00003050                act
 .text.CBOT_main
                0x00003090       0x82 main.o
                0x00003090                CBOT_main
 .text.avr-libc
                0x00003112      0x6f8 c:/program files (x86)/atmel/studio/7.0/toolchain/avr8/avr8-gnu-toolchain/bin/../lib/gcc/avr/4.9.2/../../../../avr/lib/avr5\libprintf_flt.a(vfprintf_flt.o)
                0x00003112                vfprintf
 .text.avr-libc.fplib
                0x0000380a        0xe c:/program files (x86)/atmel/studio/7.0/toolchain/avr8/avr8-gnu-toolchain/bin/../lib/gcc/avr/4.9.2/../../../../avr/lib/avr5\libm.a(addsf3.o)
                0x0000380a                __subsf3
                0x0000380c                __addsf3
 .text.avr-libc.fplib
                0x00003818       0xcc c:/program files (x86)/atmel/studio/7.0/toolchain/avr8/avr8-gnu-toolchain/bin/../lib/gcc/avr/4.9.2/../../../../avr/lib/avr5\libm.a(addsf3x.o)
                0x0000383a                __addsf3x
 .text.avr-libc.fplib
                0x000038e4        0x8 c:/program files (x86)/atmel/studio/7.0/toolchain/avr8/avr8-gnu-toolchain/bin/../lib/gcc/avr/4.9.2/../../../../avr/lib/avr5\libm.a(divsf3.o)
                0x000038e4                __divsf3
 .text.avr-libc.fplib
                0x000038ec       0xdc c:/program files (x86)/atmel/studio/7.0/toolchain/avr8/avr8-gnu-toolchain/bin/../lib/gcc/avr/4.9.2/../../../../avr/lib/avr5\libm.a(divsf3x.o)
                0x0000390c                __divsf3x
                0x00003912                __divsf3_pse
 .text.avr-libc.fplib
                0x000039c8       0x7a c:/program files (x86)/atmel/studio/7.0/toolchain/avr8/avr8-gnu-toolchain/bin/../lib/gcc/avr/4.9.2/../../../../avr/lib/avr5\libm.a(floatsisf.o)
                0x000039c8                __floatunsisf
                0x000039cc                __floatsisf
 .text.avr-libc.fplib
                0x00003a42        0xc c:/program files (x86)/atmel/studio/7.0/toolchain/avr8/avr8-gnu-toolchain/bin/../lib/gcc/avr/4.9.2/../../../../avr/lib/avr5\libm.a(fp_inf.o)
                0x00003a42                __fp_inf
 .text.avr-libc.fplib
                0x00003a4e        0x6 c:/program files (x86)/atmel/studio/7.0/toolchain/avr8/avr8-gnu-toolchain/bin/../lib/gcc/avr/4.9.2/../../../../avr/lib/avr5\libm.a(fp_nan.o)
                0x00003a4e                __fp_nan
 .text.avr-libc.fplib
                0x00003a54        0xe c:/program files (x86)/atmel/studio/7.0/toolchain/avr8/avr8-gnu-toolchain/bin/../lib/gcc/avr/4.9.2/../../../../avr/lib/avr5\libm.a(fp_pscA.o)
                0x00003a54                __fp_pscA
 .text.avr-libc.fplib
                0x00003a62        0xe c:/program files (x86)/atmel/studio/7.0/toolchain/avr8/avr8-gnu-toolchain/bin/../lib/gcc/avr/4.9.2/../../../../avr/lib/avr5\libm.a(fp_pscB.o)
                0x00003a62                __fp_pscB
 .text.avr-libc.fplib
                0x00003a70       0x22 c:/program files (x86)/atmel/studio/7.0/toolchain/avr8/avr8-gnu-toolchain/bin/../lib/gcc/avr/4.9.2/../../../../avr/lib/avr5\libm.a(fp_round.o)
                0x00003a70                __fp_round
 .text.avr-libc.fplib
                0x00003a92       0x44 c:/program files (x86)/atmel/studio/7.0/toolchain/avr8/avr8-gnu-toolchain/bin/../lib/gcc/avr/4.9.2/../../../../avr/lib/avr5\libm.a(fp_split3.o)
                0x00003a92                __fp_split3
                0x00003aa2                __fp_splitA
 .text.avr-libc.fplib
                0x00003ad6        0xe c:/program files (x86)/atmel/studio/7.0/toolchain/avr8/avr8-gnu-toolchain/bin/../lib/gcc/avr/4.9.2/../../../../avr/lib/avr5\libm.a(fp_zero.o)
                0x00003ad6                __fp_zero
                0x00003ad8                __fp_szero
 .text.avr-libc.fplib
                0x00003ae4       0x7a c:/program files (x86)/atmel/studio/7.0/toolchain/avr8/avr8-gnu-toolchain/bin/../lib/gcc/avr/4.9.2/../../../../avr/lib/avr5\libm.a(lrint.o)
                0x00003ae4                lrint
 .text.avr-libc.fplib
                0x00003b5e        0x8 c:/program files (x86)/atmel/studio/7.0/toolchain/avr8/avr8-gnu-toolchain/bin/../lib/gcc/avr/4.9.2/../../../../avr/lib/avr5\libm.a(mulsf3.o)
                0x00003b5e                __mulsf3
 .text.avr-libc.fplib
                0x00003b66       0xd2 c:/program files (x86)/atmel/studio/7.0/toolchain/avr8/avr8-gnu-toolchain/bin/../lib/gcc/avr/4.9.2/../../../../avr/lib/avr5\libm.a(mulsf3x.o)
                0x00003b84                __mulsf3x
                0x00003b8a                __mulsf3_pse
 .text.avr-libc.fplib
                0x00003c38       0xa0 c:/program files (x86)/atmel/studio/7.0/toolchain/avr8/avr8-gnu-toolchain/bin/../lib/gcc/avr/4.9.2/../../../../avr/lib/avr5\libm.a(pow.o)
                0x00003c38                pow
 .text.avr-libc.fplib
                0x00003cd8       0x74 c:/program files (x86)/atmel/studio/7.0/toolchain/avr8/avr8-gnu-toolchain/bin/../lib/gcc/avr/4.9.2/../../../../avr/lib/avr5\libm.a(exp.o)
                0x00003ce8                exp
 .text.avr-libc.fplib
                0x00003d4c       0x4e c:/program files (x86)/atmel/studio/7.0/toolchain/avr8/avr8-gnu-toolchain/bin/../lib/gcc/avr/4.9.2/../../../../avr/lib/avr5\libm.a(fp_powser.o)
                0x00003d4c                __fp_powser
 .text.avr-libc.fplib
                0x00003d9a       0x10 c:/program files (x86)/atmel/studio/7.0/toolchain/avr8/avr8-gnu-toolchain/bin/../lib/gcc/avr/4.9.2/../../../../avr/lib/avr5\libm.a(inverse.o)
                0x00003d9a                inverse
 .text.avr-libc.fplib
                0x00003daa       0x74 c:/program files (x86)/atmel/studio/7.0/toolchain/avr8/avr8-gnu-toolchain/bin/../lib/gcc/avr/4.9.2/../../../../avr/lib/avr5\libm.a(ldexp.o)
                0x00003db2                ldexp
 .text.avr-libc.fplib
                0x00003e1e       0xa0 c:/program files (x86)/atmel/studio/7.0/toolchain/avr8/avr8-gnu-toolchain/bin/../lib/gcc/avr/4.9.2/../../../../avr/lib/avr5\libm.a(log.o)
                0x00003e2e                log
 .text.avr-libc.fplib
                0x00003ebe       0x68 c:/program files (x86)/atmel/studio/7.0/toolchain/avr8/avr8-gnu-toolchain/bin/../lib/gcc/avr/4.9.2/../../../../avr/lib/avr5\libm.a(modf.o)
                0x00003ebe                modf
                0x00003ebe                modff
 .text.avr-libc.fplib
                0x00003f26       0x1c c:/program files (x86)/atmel/studio/7.0/toolchain/avr8/avr8-gnu-toolchain/bin/../lib/gcc/avr/4.9.2/../../../../avr/lib/avr5\libm.a(fp_mpack.o)
                0x00003f26                __fp_mpack
                0x00003f2a                __fp_mpack_finite
 .text.libgcc.mul
                0x00003f42       0x20 c:/program files (x86)/atmel/studio/7.0/toolchain/avr8/avr8-gnu-toolchain/bin/../lib/gcc/avr/4.9.2/avr5\libgcc.a(_mulsi3.o)
                0x00003f42                __mulsi3
 .text.libgcc.div
                0x00003f62       0x44 c:/program files (x86)/atmel/studio/7.0/toolchain/avr8/avr8-gnu-toolchain/bin/../lib/gcc/avr/4.9.2/avr5\libgcc.a(_udivmodsi4.o)
                0x00003f62                __udivmodsi4
 .text.libgcc.mul
                0x00003fa6       0x16 c:/program files (x86)/atmel/studio/7.0/toolchain/avr8/avr8-gnu-toolchain/bin/../lib/gcc/avr/4.9.2/avr5\libgcc.a(_muluhisi3.o)
                0x00003fa6                __muluhisi3
 .text.libgcc.prologue
                0x00003fbc       0x38 c:/program files (x86)/atmel/studio/7.0/toolchain/avr8/avr8-gnu-toolchain/bin/../lib/gcc/avr/4.9.2/avr5\libgcc.a(_prologue.o)
                0x00003fbc                __prologue_saves__
 .text.libgcc.prologue
                0x00003ff4       0x36 c:/program files (x86)/atmel/studio/7.0/toolchain/avr8/avr8-gnu-toolchain/bin/../lib/gcc/avr/4.9.2/avr5\libgcc.a(_epilogue.o)
                0x00003ff4                __epilogue_restores__
 .text.libgcc.mul
                0x0000402a       0x1e c:/program files (x86)/atmel/studio/7.0/toolchain/avr8/avr8-gnu-toolchain/bin/../lib/gcc/avr/4.9.2/avr5\libgcc.a(_umulhisi3.o)
                0x0000402a                __umulhisi3
 .text.avr-libc
                0x00004048      0x25a c:/program files (x86)/atmel/studio/7.0/toolchain/avr8/avr8-gnu-toolchain/bin/../lib/gcc/avr/4.9.2/../../../../avr/lib/avr5\libc.a(malloc.o)
                0x00004048                malloc
                0x00004172                free
 .text.avr-libc
                0x000042a2      0x1b0 c:/program files (x86)/atmel/studio/7.0/toolchain/avr8/avr8-gnu-toolchain/bin/../lib/gcc/avr/4.9.2/../../../../avr/lib/avr5\libc.a(ftoa_engine.o)
                0x000042a2                __ftoa_engine
 .text.avr-libc
                0x00004452       0x16 c:/program files (x86)/atmel/studio/7.0/toolchain/avr8/avr8-gnu-toolchain/bin/../lib/gcc/avr/4.9.2/../../../../avr/lib/avr5\libc.a(strnlen_P.o)
                0x00004452                strnlen_P
 .text.avr-libc
                0x00004468       0x16 c:/program files (x86)/atmel/studio/7.0/toolchain/avr8/avr8-gnu-toolchain/bin/../lib/gcc/avr/4.9.2/../../../../avr/lib/avr5\libc.a(strnlen.o)
                0x00004468                strnlen
 .text.avr-libc
                0x0000447e       0x70 c:/program files (x86)/atmel/studio/7.0/toolchain/avr8/avr8-gnu-toolchain/bin/../lib/gcc/avr/4.9.2/../../../../avr/lib/avr5\libc.a(fputc.o)
                0x0000447e                fputc
 .text.avr-libc
                0x000044ee       0x60 c:/program files (x86)/atmel/studio/7.0/toolchain/avr8/avr8-gnu-toolchain/bin/../lib/gcc/avr/4.9.2/../../../../avr/lib/avr5\libc.a(puts.o)
                0x000044ee                puts
 .text.avr-libc
                0x0000454e       0xbc c:/program files (x86)/atmel/studio/7.0/toolchain/avr8/avr8-gnu-toolchain/bin/../lib/gcc/avr/4.9.2/../../../../avr/lib/avr5\libc.a(ultoa_invert.o)
                0x0000454e                __ultoa_invert
                0x0000460a                . = ALIGN (0x2)
 *(.fini9)
 .fini9         0x0000460a        0x0 c:/program files (x86)/atmel/studio/7.0/toolchain/avr8/avr8-gnu-toolchain/bin/../lib/gcc/avr/4.9.2/avr5\libgcc.a(_exit.o)
                0x0000460a                _exit
                0x0000460a                exit
 *(.fini9)
 *(.fini8)
 *(.fini8)
 *(.fini7)
 *(.fini7)
 *(.fini6)
 *(.fini6)
 *(.fini5)
 *(.fini5)
 *(.fini4)
 *(.fini4)
 *(.fini3)
 *(.fini3)
 *(.fini2)
 *(.fini2)
 *(.fini1)
 *(.fini1)
 *(.fini0)
 .fini0         0x0000460a        0x4 c:/program files (x86)/atmel/studio/7.0/toolchain/avr8/avr8-gnu-toolchain/bin/../lib/gcc/avr/4.9.2/avr5\libgcc.a(_exit.o)
 *(.fini0)
                0x0000460e                _etext = .

.data           0x00800100       0x54 load address 0x0000460e
                0x00800100                PROVIDE (__data_start, .)
 *(.data)
 .data          0x00800100        0x4 ../../../../../CEENBoT Files\libcapi324v221.a(ATTINY_get_IR_state.o)
 .data          0x00800104        0xe ../../../../../CEENBoT Files\libcapi324v221.a(LCD_globals.o)
                0x00800104                LCD_stdout
 .data          0x00800112        0x8 ../../../../../CEENBoT Files\libcapi324v221.a(STEPPER_globals.o)
                0x00800112                Motor_L_LUT
                0x00800116                Motor_R_LUT
 .data          0x0080011a        0x6 c:/program files (x86)/atmel/studio/7.0/toolchain/avr8/avr8-gnu-toolchain/bin/../lib/gcc/avr/4.9.2/../../../../avr/lib/avr5\libc.a(malloc.o)
                0x0080011a                __malloc_heap_end
                0x0080011c                __malloc_heap_start
                0x0080011e                __malloc_margin
 *(.data*)
 *(.rodata)
 *(.rodata*)
 .rodata.str1.1
                0x00800120       0x33 main.o
 *(.gnu.linkonce.d*)
                0x00800154                . = ALIGN (0x2)
 *fill*         0x00800153        0x1 
                0x00800154                _edata = .
                0x00800154                PROVIDE (__data_end, .)

.bss            0x00800154      0x112
                0x00800154                PROVIDE (__bss_start, .)
 *(.bss)
 .bss           0x00800154        0x2 ../../../../../CEENBoT Files\libcapi324v221.a(STEPPER_step.o)
 .bss           0x00800156        0x2 ../../../../../CEENBoT Files\libcapi324v221.a(STEPPER_step2.o)
 .bss           0x00800158        0xb ../../../../../CEENBoT Files\libcapi324v221.a(ATTINY_get_IR_state.o)
 .bss           0x00800163       0x40 ../../../../../CEENBoT Files\libcapi324v221.a(ISR_globals.o)
                0x00800163                CBOT_ISR_vtable
 .bss           0x008001a3       0x10 ../../../../../CEENBoT Files\libcapi324v221.a(SPI_globals.o)
                0x008001a3                spi_config_func_LUT
 .bss           0x008001b3       0x10 ../../../../../CEENBoT Files\libcapi324v221.a(SPKR_globals.o)
                0x008001b3                tone_mode_active
                0x008001b4                beep_mode_active
                0x008001b5                spkr_accum32
                0x008001b9                spkr_freq
                0x008001bd                beep_accum16
                0x008001bf                beep_freq
                0x008001c1                p_Freq_LUT
 .bss           0x008001c3        0x2 ../../../../../CEENBoT Files\libcapi324v221.a(TMRSRVC_globals.o)
                0x008001c3                timer_busy_status
                0x008001c4                timer_run_status
 .bss           0x008001c5        0x1 ../../../../../CEENBoT Files\libcapi324v221.a(STEPPER_process_run_mode.o)
 .bss           0x008001c6        0x4 ../../../../../CEENBoT Files\libcapi324v221.a(STEPPER_process_pwm.o)
 *(.bss*)
 .bss.previous_action.3659
                0x008001ca        0x9 main.o
 .bss.sense_timer.3638
                0x008001d3        0x9 main.o
 .bss.timer_started.3637
                0x008001dc        0x1 main.o
 .bss.previous_state.3622
                0x008001dd        0x1 main.o
 *(COMMON)
 COMMON         0x008001de        0x9 main.o
                0x008001de                action
 COMMON         0x008001e7       0x15 ../../../../../CEENBoT Files\libcapi324v221.a(SYS_globals.o)
                0x008001e7                CBOT_SYSTEM_refcount
 COMMON         0x008001fc        0x5 ../../../../../CEENBoT Files\libcapi324v221.a(LCD_globals.o)
                0x008001fc                LCD_params
 COMMON         0x00800201        0x1 ../../../../../CEENBoT Files\libcapi324v221.a(SPI_globals.o)
                0x00800201                curr_spi_addr
 COMMON         0x00800202       0x39 ../../../../../CEENBoT Files\libcapi324v221.a(STEPPER_globals.o)
                0x00800202                STEPPER_params
                0x00800239                step_done
 COMMON         0x0080023b       0x1e ../../../../../CEENBoT Files\libcapi324v221.a(ATTINY_globals.o)
                0x0080023b                ATTINY_params
 COMMON         0x00800259        0x3 ../../../../../CEENBoT Files\libcapi324v221.a(TMRSRVC_globals.o)
                0x00800259                tmrNodes
 COMMON         0x0080025c        0x4 c:/program files (x86)/atmel/studio/7.0/toolchain/avr8/avr8-gnu-toolchain/bin/../lib/gcc/avr/4.9.2/../../../../avr/lib/avr5\libc.a(malloc.o)
                0x0080025c                __brkval
                0x0080025e                __flp
 COMMON         0x00800260        0x6 c:/program files (x86)/atmel/studio/7.0/toolchain/avr8/avr8-gnu-toolchain/bin/../lib/gcc/avr/4.9.2/../../../../avr/lib/avr5\libc.a(iob.o)
                0x00800260                __iob
                0x00800266                PROVIDE (__bss_end, .)
                0x0000460e                __data_load_start = LOADADDR (.data)
                0x00004662                __data_load_end = (__data_load_start + SIZEOF (.data))

.noinit         0x00800266        0x0
                [!provide]                PROVIDE (__noinit_start, .)
 *(.noinit*)
                [!provide]                PROVIDE (__noinit_end, .)
                0x00800266                _end = .
                0x00800266                PROVIDE (__heap_start, .)

.eeprom         0x00810000        0x0
 *(.eeprom*)
                0x00810000                __eeprom_end = .

.fuse
 *(.fuse)
 *(.lfuse)
 *(.hfuse)
 *(.efuse)

.lock
 *(.lock*)

.signature
 *(.signature*)

.user_signatures
 *(.user_signatures*)

.stab
 *(.stab)

.stabstr
 *(.stabstr)

.stab.excl
 *(.stab.excl)

.stab.exclstr
 *(.stab.exclstr)

.stab.index
 *(.stab.index)

.stab.indexstr
 *(.stab.indexstr)

.comment        0x00000000       0x5c
 *(.comment)
 .comment       0x00000000       0x30 main.o
                                 0x31 (size before relaxing)
 .comment       0x00000030       0x2c c:/program files (x86)/atmel/studio/7.0/toolchain/avr8/avr8-gnu-toolchain/bin/../lib/gcc/avr/4.9.2/../../../../avr/lib/avr5\libprintf_flt.a(vfprintf_flt.o)
                                 0x2d (size before relaxing)
 .comment       0x0000005c       0x31 c:/program files (x86)/atmel/studio/7.0/toolchain/avr8/avr8-gnu-toolchain/bin/../lib/gcc/avr/4.9.2/../../../../avr/lib/avr5\libc.a(malloc.o)
 .comment       0x0000005c       0x31 c:/program files (x86)/atmel/studio/7.0/toolchain/avr8/avr8-gnu-toolchain/bin/../lib/gcc/avr/4.9.2/../../../../avr/lib/avr5\libc.a(fputc.o)
 .comment       0x0000005c       0x31 c:/program files (x86)/atmel/studio/7.0/toolchain/avr8/avr8-gnu-toolchain/bin/../lib/gcc/avr/4.9.2/../../../../avr/lib/avr5\libc.a(iob.o)
 .comment       0x0000005c       0x31 c:/program files (x86)/atmel/studio/7.0/toolchain/avr8/avr8-gnu-toolchain/bin/../lib/gcc/avr/4.9.2/../../../../avr/lib/avr5\libc.a(puts.o)

.note.gnu.avr.deviceinfo
                0x00000000       0x40
 .note.gnu.avr.deviceinfo
                0x00000000       0x40 C:/Program Files (x86)/Atmel/Studio/7.0/Packs/atmel/ATmega_DFP/1.1.130/gcc/dev/atmega324p/avr5/crtatmega324p.o

.note.gnu.build-id
 *(.note.gnu.build-id)

.debug
 *(.debug)

.line
 *(.line)

.debug_srcinfo
 *(.debug_srcinfo)

.debug_sfnames
 *(.debug_sfnames)

.debug_aranges
 *(.debug_aranges)

.debug_pubnames
 *(.debug_pubnames)

.debug_info     0x00000000      0x6cc
 *(.debug_info .gnu.linkonce.wi.*)
 .debug_info    0x00000000      0x6cc C:/Program Files (x86)/Atmel/Studio/7.0/Packs/atmel/ATmega_DFP/1.1.130/gcc/dev/atmega324p/avr5/crtatmega324p.o

.debug_abbrev   0x00000000      0x66e
 *(.debug_abbrev)
 .debug_abbrev  0x00000000      0x66e C:/Program Files (x86)/Atmel/Studio/7.0/Packs/atmel/ATmega_DFP/1.1.130/gcc/dev/atmega324p/avr5/crtatmega324p.o

.debug_line     0x00000000      0x151
 *(.debug_line .debug_line.* .debug_line_end)
 .debug_line    0x00000000      0x151 C:/Program Files (x86)/Atmel/Studio/7.0/Packs/atmel/ATmega_DFP/1.1.130/gcc/dev/atmega324p/avr5/crtatmega324p.o

.debug_frame
 *(.debug_frame)

.debug_str      0x00000000      0x255
 *(.debug_str)
 .debug_str     0x00000000      0x255 C:/Program Files (x86)/Atmel/Studio/7.0/Packs/atmel/ATmega_DFP/1.1.130/gcc/dev/atmega324p/avr5/crtatmega324p.o

.debug_loc
 *(.debug_loc)

.debug_macinfo
 *(.debug_macinfo)

.debug_weaknames
 *(.debug_weaknames)

.debug_funcnames
 *(.debug_funcnames)

.debug_typenames
 *(.debug_typenames)

.debug_varnames
 *(.debug_varnames)

.debug_pubtypes
 *(.debug_pubtypes)

.debug_ranges
 *(.debug_ranges)

.debug_macro
 *(.debug_macro)
OUTPUT(Lab5.elf elf32-avr)
LOAD linker stubs
