Archive member included to satisfy reference by file (symbol)

c:/program files (x86)/atmel/studio/7.0/toolchain/avr8/avr8-gnu-toolchain/bin/../lib/gcc/avr/4.9.2/../../../../avr/lib/avr5\libm.a(addsf3.o)
                              main.o (__subsf3)
c:/program files (x86)/atmel/studio/7.0/toolchain/avr8/avr8-gnu-toolchain/bin/../lib/gcc/avr/4.9.2/../../../../avr/lib/avr5\libm.a(addsf3x.o)
                              c:/program files (x86)/atmel/studio/7.0/toolchain/avr8/avr8-gnu-toolchain/bin/../lib/gcc/avr/4.9.2/../../../../avr/lib/avr5\libm.a(addsf3.o) (__addsf3x)
c:/program files (x86)/atmel/studio/7.0/toolchain/avr8/avr8-gnu-toolchain/bin/../lib/gcc/avr/4.9.2/../../../../avr/lib/avr5\libm.a(cmpsf2.o)
                              main.o (__ltsf2)
c:/program files (x86)/atmel/studio/7.0/toolchain/avr8/avr8-gnu-toolchain/bin/../lib/gcc/avr/4.9.2/../../../../avr/lib/avr5\libm.a(divsf3.o)
                              main.o (__divsf3)
c:/program files (x86)/atmel/studio/7.0/toolchain/avr8/avr8-gnu-toolchain/bin/../lib/gcc/avr/4.9.2/../../../../avr/lib/avr5\libm.a(divsf3x.o)
                              c:/program files (x86)/atmel/studio/7.0/toolchain/avr8/avr8-gnu-toolchain/bin/../lib/gcc/avr/4.9.2/../../../../avr/lib/avr5\libm.a(divsf3.o) (__divsf3x)
c:/program files (x86)/atmel/studio/7.0/toolchain/avr8/avr8-gnu-toolchain/bin/../lib/gcc/avr/4.9.2/../../../../avr/lib/avr5\libm.a(fixsfsi.o)
                              main.o (__fixsfsi)
c:/program files (x86)/atmel/studio/7.0/toolchain/avr8/avr8-gnu-toolchain/bin/../lib/gcc/avr/4.9.2/../../../../avr/lib/avr5\libm.a(fixunssfsi.o)
                              c:/program files (x86)/atmel/studio/7.0/toolchain/avr8/avr8-gnu-toolchain/bin/../lib/gcc/avr/4.9.2/../../../../avr/lib/avr5\libm.a(fixsfsi.o) (__fixunssfsi)
c:/program files (x86)/atmel/studio/7.0/toolchain/avr8/avr8-gnu-toolchain/bin/../lib/gcc/avr/4.9.2/../../../../avr/lib/avr5\libm.a(floatsisf.o)
                              main.o (__floatunsisf)
c:/program files (x86)/atmel/studio/7.0/toolchain/avr8/avr8-gnu-toolchain/bin/../lib/gcc/avr/4.9.2/../../../../avr/lib/avr5\libm.a(fp_cmp.o)
                              c:/program files (x86)/atmel/studio/7.0/toolchain/avr8/avr8-gnu-toolchain/bin/../lib/gcc/avr/4.9.2/../../../../avr/lib/avr5\libm.a(cmpsf2.o) (__fp_cmp)
c:/program files (x86)/atmel/studio/7.0/toolchain/avr8/avr8-gnu-toolchain/bin/../lib/gcc/avr/4.9.2/../../../../avr/lib/avr5\libm.a(fp_inf.o)
                              c:/program files (x86)/atmel/studio/7.0/toolchain/avr8/avr8-gnu-toolchain/bin/../lib/gcc/avr/4.9.2/../../../../avr/lib/avr5\libm.a(addsf3x.o) (__fp_inf)
c:/program files (x86)/atmel/studio/7.0/toolchain/avr8/avr8-gnu-toolchain/bin/../lib/gcc/avr/4.9.2/../../../../avr/lib/avr5\libm.a(fp_nan.o)
                              c:/program files (x86)/atmel/studio/7.0/toolchain/avr8/avr8-gnu-toolchain/bin/../lib/gcc/avr/4.9.2/../../../../avr/lib/avr5\libm.a(addsf3x.o) (__fp_nan)
c:/program files (x86)/atmel/studio/7.0/toolchain/avr8/avr8-gnu-toolchain/bin/../lib/gcc/avr/4.9.2/../../../../avr/lib/avr5\libm.a(fp_pscA.o)
                              c:/program files (x86)/atmel/studio/7.0/toolchain/avr8/avr8-gnu-toolchain/bin/../lib/gcc/avr/4.9.2/../../../../avr/lib/avr5\libm.a(addsf3x.o) (__fp_pscA)
c:/program files (x86)/atmel/studio/7.0/toolchain/avr8/avr8-gnu-toolchain/bin/../lib/gcc/avr/4.9.2/../../../../avr/lib/avr5\libm.a(fp_pscB.o)
                              c:/program files (x86)/atmel/studio/7.0/toolchain/avr8/avr8-gnu-toolchain/bin/../lib/gcc/avr/4.9.2/../../../../avr/lib/avr5\libm.a(addsf3x.o) (__fp_pscB)
c:/program files (x86)/atmel/studio/7.0/toolchain/avr8/avr8-gnu-toolchain/bin/../lib/gcc/avr/4.9.2/../../../../avr/lib/avr5\libm.a(fp_round.o)
                              c:/program files (x86)/atmel/studio/7.0/toolchain/avr8/avr8-gnu-toolchain/bin/../lib/gcc/avr/4.9.2/../../../../avr/lib/avr5\libm.a(addsf3.o) (__fp_round)
c:/program files (x86)/atmel/studio/7.0/toolchain/avr8/avr8-gnu-toolchain/bin/../lib/gcc/avr/4.9.2/../../../../avr/lib/avr5\libm.a(fp_split3.o)
                              c:/program files (x86)/atmel/studio/7.0/toolchain/avr8/avr8-gnu-toolchain/bin/../lib/gcc/avr/4.9.2/../../../../avr/lib/avr5\libm.a(addsf3x.o) (__fp_split3)
c:/program files (x86)/atmel/studio/7.0/toolchain/avr8/avr8-gnu-toolchain/bin/../lib/gcc/avr/4.9.2/../../../../avr/lib/avr5\libm.a(fp_zero.o)
                              c:/program files (x86)/atmel/studio/7.0/toolchain/avr8/avr8-gnu-toolchain/bin/../lib/gcc/avr/4.9.2/../../../../avr/lib/avr5\libm.a(addsf3x.o) (__fp_zero)
c:/program files (x86)/atmel/studio/7.0/toolchain/avr8/avr8-gnu-toolchain/bin/../lib/gcc/avr/4.9.2/../../../../avr/lib/avr5\libm.a(gesf2.o)
                              main.o (__gtsf2)
c:/program files (x86)/atmel/studio/7.0/toolchain/avr8/avr8-gnu-toolchain/bin/../lib/gcc/avr/4.9.2/../../../../avr/lib/avr5\libm.a(mulsf3.o)
[...]
Memory Configuration

Name             Origin             Length             Attributes
text             0x00000000         0x00020000         xr
data             0x00800060         0x0000ffa0         rw !x
eeprom           0x00810000         0x00010000         rw !x
fuse             0x00820000         0x00000003         rw !x
lock             0x00830000         0x00000400         rw !x
signature        0x00840000         0x00000400         rw !x
user_signatures  0x00850000         0x00000400         rw !x
*default*        0x00000000         0xffffffff

Linker script and memory map

Address of section .data set to 0x800100
LOAD C:/Program Files (x86)/Atmel/Studio/7.0/Packs/atmel/ATmega_DFP/1.1.130/gcc/dev/atmega324p/avr5/crtatmega324p.o
LOAD main.o
START GROUP
LOAD c:/program files (x86)/atmel/studio/7.0/toolchain/avr8/avr8-gnu-toolchain/bin/../lib/gcc/avr/4.9.2/../../../../avr/lib/avr5\libm.a
LOAD c:/program files (x86)/atmel/studio/7.0/toolchain/avr8/avr8-gnu-toolchain/bin/../lib/gcc/avr/4.9.2/../../../../avr/lib/avr5\libprintf_flt.a
LOAD ../../../../CEENBoT Files\libcapi324v221.a
END GROUP
START GROUP
LOAD c:/program files (x86)/atmel/studio/7.0/toolchain/avr8/avr8-gnu-toolchain/bin/../lib/gcc/avr/4.9.2/avr5\libgcc.a
LOAD c:/program files (x86)/atmel/studio/7.0/toolchain/avr8/avr8-gnu-toolchain/bin/../lib/gcc/avr/4.9.2/../../../../avr/lib/avr5\libm.a
LOAD c:/program files (x86)/atmel/studio/7.0/toolchain/avr8/avr8-gnu-toolchain/bin/../lib/gcc/avr/4.9.2/../../../../avr/lib/avr5\libc.a
LOAD C:/Program Files (x86)/Atmel/Studio/7.0/Packs/atmel/ATmega_DFP/1.1.130/gcc/dev/atmega324p/avr5\libatmega324p.a
END GROUP
                0x00020000                __TEXT_REGION_LENGTH__ = DEFINED (__TEXT_REGION_LENGTH__)?__TEXT_REGION_LENGTH__:0x20000
                0x0000ffa0                __DATA_REGION_LENGTH__ = DEFINED (__DATA_REGION_LENGTH__)?__DATA_REGION_LENGTH__:0xffa0
                0x00010000                __EEPROM_REGION_LENGTH__ = DEFINED (__EEPROM_REGION_LENGTH__)?__EEPROM_REGION_LENGTH__:0x10000
                [0x00000003]                __FUSE_REGION_LENGTH__ = DEFINED (__FUSE_REGION_LENGTH__)?__FUSE_REGION_LENGTH__:0x400
                0x00000400                __LOCK_REGION_LENGTH__ = DEFINED (__LOCK_REGION_LENGTH__)?__LOCK_REGION_LENGTH__:0x400
                0x00000400                __SIGNATURE_REGION_LENGTH__ = DEFINED (__SIGNATURE_REGION_LENGTH__)?__SIGNATURE_REGION_LENGTH__:0x400
                0x00000400                __USER_SIGNATURE_REGION_LENGTH__ = DEFINED (__USER_SIGNATURE_REGION_LENGTH__)?__USER_SIGNATURE_REGION_LENGTH__:0x400

.hash
 *(.hash)

.dynsym
 *(.dynsym)

.dynstr
 *(.dynstr)

.gnu.version
 *(.gnu.version)

.gnu.version_d
 *(.gnu.version_d)

.gnu.version_r
 *(.gnu.version_r)

.rel.init
 *(.rel.init)

.rela.init
 *(.rela.init)

.rel.text
 *(.rel.text)
 *(.rel.text.*)
 *(.rel.gnu.linkonce.t*)

.rela.text
 *(.rela.text)
 *(.rela.text.*)
 *(.rela.gnu.linkonce.t*)

.rel.fini
 *(.rel.fini)

.rela.fini
 *(.rela.fini)

.rel.rodata
 *(.rel.rodata)
 *(.rel.rodata.*)
 *(.rel.gnu.linkonce.r*)

.rela.rodata
 *(.rela.rodata)
 *(.rela.rodata.*)
 *(.rela.gnu.linkonce.r*)

.rel.data
 *(.rel.data)
 *(.rel.data.*)
 *(.rel.gnu.linkonce.d*)

.rela.data
 *(.rela.data)
 *(.rela.data.*)
 *(.rela.gnu.linkonce.d*)

.rel.ctors
 *(.rel.ctors)

.rela.ctors
 *(.rela.ctors)

.rel.dtors
 *(.rel.dtors)

.rela.dtors
 *(.rela.dtors)

.rel.got
 *(.rel.got)

.rela.got
 *(.rela.got)

.rel.bss
 *(.rel.bss)

.rela.bss
 *(.rela.bss)

.rel.plt
 *(.rel.plt)

.rela.plt
 *(.rela.plt)

.text           0x00000000     0x4cd2
 *(.vectors)
 .vectors       0x00000000       0x7c C:/Program Files (x86)/Atmel/Studio/7.0/Packs/atmel/ATmega_DFP/1.1.130/gcc/dev/atmega324p/avr5/crtatmega324p.o
                0x00000000                __vector_default
                0x00000000                __vectors
 *(.vectors)
 *(.progmem.gcc*)
 .progmem.gcc_fplib
                0x0000007c       0x28 c:/program files (x86)/atmel/studio/7.0/toolchain/avr8/avr8-gnu-toolchain/bin/../lib/gcc/avr/4.9.2/../../../../avr/lib/avr5\libm.a(exp.o)
 .progmem.gcc_fplib
                0x000000a4       0x5a c:/program files (x86)/atmel/studio/7.0/toolchain/avr8/avr8-gnu-toolchain/bin/../lib/gcc/avr/4.9.2/../../../../avr/lib/avr5\libm.a(log.o)
                0x000000fe                . = ALIGN (0x2)
                0x000000fe                __trampolines_start = .
 *(.trampolines)
 .trampolines   0x000000fe        0x0 linker stubs
 *(.trampolines*)
                0x000000fe                __trampolines_end = .
 *libprintf_flt.a:*(.progmem.data)
 .progmem.data  0x000000fe        0x8 c:/program files (x86)/atmel/studio/7.0/toolchain/avr8/avr8-gnu-toolchain/bin/../lib/gcc/avr/4.9.2/../../../../avr/lib/avr5\libprintf_flt.a(vfprintf_flt.o)
 *libc.a:*(.progmem.data)
 .progmem.data  0x00000106       0xfa c:/program files (x86)/atmel/studio/7.0/toolchain/avr8/avr8-gnu-toolchain/bin/../lib/gcc/avr/4.9.2/../../../../avr/lib/avr5\libc.a(ftoa_engine.o)
 *(.progmem*)
 .progmem.data  0x00000200      0x415 ../../../../CEENBoT Files\libcapi324v221.a(LCD_globals.o)
                0x00000200                char_bitmap
                0x00000415                CEENBoT_Inc_logo_bitmap
                0x00000616                . = ALIGN (0x2)
 *fill*         0x00000615        0x1 
 *(.jumptables)
 *(.jumptables*)
 *(.lowtext)
 *(.lowtext*)
                0x00000616                __ctors_start = .
 *(.ctors)
                0x00000616                __ctors_end = .
                0x00000616                __dtors_start = .
 *(.dtors)
                0x00000616                __dtors_end = .
 SORT(*)(.ctors)
 SORT(*)(.dtors)
 *(.init0)
 .init0         0x00000616        0x0 C:/Program Files (x86)/Atmel/Studio/7.0/Packs/atmel/ATmega_DFP/1.1.130/gcc/dev/atmega324p/avr5/crtatmega324p.o
                0x00000616                __init
 *(.init0)
 *(.init1)
 *(.init1)
 *(.init2)
 .init2         0x00000616        0xc C:/Program Files (x86)/Atmel/Studio/7.0/Packs/atmel/ATmega_DFP/1.1.130/gcc/dev/atmega324p/avr5/crtatmega324p.o
 *(.init2)
 *(.init3)
 *(.init3)
 *(.init4)
 .init4         0x00000622       0x16 c:/program files (x86)/atmel/studio/7.0/toolchain/avr8/avr8-gnu-toolchain/bin/../lib/gcc/avr/4.9.2/avr5\libgcc.a(_copy_data.o)
                0x00000622                __do_copy_data
 .init4         0x00000638       0x10 c:/program files (x86)/atmel/studio/7.0/toolchain/avr8/avr8-gnu-toolchain/bin/../lib/gcc/avr/4.9.2/avr5\libgcc.a(_clear_bss.o)
                0x00000638                __do_clear_bss
 *(.init4)
 *(.init5)
 *(.init5)
 *(.init6)
 *(.init6)
 *(.init7)
 *(.init7)
 *(.init8)
 *(.init8)
 *(.init9)
 .init9         0x00000648        0x8 C:/Program Files (x86)/Atmel/Studio/7.0/Packs/atmel/ATmega_DFP/1.1.130/gcc/dev/atmega324p/avr5/crtatmega324p.o
 *(.init9)
 *(.text)
 .text          0x00000650        0x4 C:/Program Files (x86)/Atmel/Studio/7.0/Packs/atmel/ATmega_DFP/1.1.130/gcc/dev/atmega324p/avr5/crtatmega324p.o
                0x00000650                __vector_22
                0x00000650                __vector_28
                0x00000650                __vector_1
                0x00000650                __vector_24
                0x00000650                __bad_interrupt
                0x00000650                __vector_3
                0x00000650                __vector_23
                0x00000650                __vector_30
                0x00000650                __vector_25
                0x00000650                __vector_19
                0x00000650                __vector_27
                0x00000650                __vector_2
                0x00000650                __vector_21
                0x00000650                __vector_29
                0x00000650                __vector_8
                0x00000650                __vector_26
                0x00000650                __vector_20
 .text          0x00000654       0x18 ../../../../CEENBoT Files\libcapi324v221.a(ADC_open.o)
                0x00000654                ADC_open
 .text          0x0000066c       0x40 ../../../../CEENBoT Files\libcapi324v221.a(ADC_sample.o)
                0x0000066c                ADC_sample
 .text          0x000006ac       0x16 ../../../../CEENBoT Files\libcapi324v221.a(ADC_set_VREF.o)
                0x000006ac                ADC_set_VREF
 .text          0x000006c2       0x6e ../../../../CEENBoT Files\libcapi324v221.a(ADC_set_channel.o)
                0x000006c2                ADC_set_channel
 .text          0x00000730       0x16 ../../../../CEENBoT Files\libcapi324v221.a(__ADC_init.o)
                0x00000730                __ADC_init
 .text          0x00000746       0x12 ../../../../CEENBoT Files\libcapi324v221.a(CBOT_main.o)
                0x00000746                main
 .text          0x00000758       0x4c ../../../../CEENBoT Files\libcapi324v221.a(LCD_clear.o)
                0x00000758                LCD_clear
 .text          0x000007a4      0x110 ../../../../CEENBoT Files\libcapi324v221.a(LCD_open.o)
                0x000007a4                LCD_open
 .text          0x000008b4       0x44 ../../../../CEENBoT Files\libcapi324v221.a(LCD_set_PGC_addr.o)
                0x000008b4                LCD_set_PGC_addr
 .text          0x000008f8       0x42 ../../../../CEENBoT Files\libcapi324v221.a(LCD_set_backlight.o)
                0x000008f8                LCD_set_backlight
 .text          0x0000093a       0x24 ../../../../CEENBoT Files\libcapi324v221.a(LCD_set_next_PGC.o)
                0x0000093a                LCD_set_next_PGC
 .text          0x0000095e       0x36 ../../../../CEENBoT Files\libcapi324v221.a(LCD_write.o)
                0x0000095e                LCD_write
 .text          0x00000994        0x4 ../../../../CEENBoT Files\libcapi324v221.a(__LCD_init.o)
                0x00000994                __LCD_init
 .text          0x00000998       0x18 ../../../../CEENBoT Files\libcapi324v221.a(LED_open.o)
                0x00000998                LED_open
 .text          0x000009b0       0x18 ../../../../CEENBoT Files\libcapi324v221.a(LED_tog_pattern.o)
                0x000009b0                LED_tog_pattern
 .text          0x000009c8       0x12 ../../../../CEENBoT Files\libcapi324v221.a(__LED_init.o)
                0x000009c8                __LED_init
 .text          0x000009da       0x1e ../../../../CEENBoT Files\libcapi324v221.a(__LED_tog_pattern.o)
                0x000009da                __LED_tog_pattern
 .text          0x000009f8       0x74 ../../../../CEENBoT Files\libcapi324v221.a(SPI_open.o)
                0x000009f8                SPI_open
 .text          0x00000a6c       0x12 ../../../../CEENBoT Files\libcapi324v221.a(SPI_set_config_func.o)
                0x00000a6c                SPI_set_config_func
 .text          0x00000a7e       0xbe ../../../../CEENBoT Files\libcapi324v221.a(SPI_set_slave_addr.o)
                0x00000a7e                SPI_set_slave_addr
 .text          0x00000b3c       0x1e ../../../../CEENBoT Files\libcapi324v221.a(SPI_transmit.o)
                0x00000b3c                SPI_transmit
 .text          0x00000b5a        0xe ../../../../CEENBoT Files\libcapi324v221.a(__SPI_init.o)
                0x00000b5a                __SPI_init
 .text          0x00000b68      0x244 ../../../../CEENBoT Files\libcapi324v221.a(STEPPER_move.o)
                0x00000cbc                STEPPER_move
 .text          0x00000dac       0xec ../../../../CEENBoT Files\libcapi324v221.a(STEPPER_open.o)
                0x00000dac                STEPPER_open
 .text          0x00000e98       0x2e ../../../../CEENBoT Files\libcapi324v221.a(STEPPER_run.o)
                0x00000e98                STEPPER_run
 .text          0x00000ec6       0x3a ../../../../CEENBoT Files\libcapi324v221.a(STEPPER_run2.o)
                0x00000ec6                STEPPER_run2
 .text          0x00000f00       0x90 ../../../../CEENBoT Files\libcapi324v221.a(STEPPER_runn.o)
                0x00000f00                STEPPER_runn
 .text          0x00000f90       0x42 ../../../../CEENBoT Files\libcapi324v221.a(STEPPER_set_accel.o)
                0x00000f90                STEPPER_set_accel
 .text          0x00000fd2       0x38 ../../../../CEENBoT Files\libcapi324v221.a(STEPPER_set_accel2.o)
                0x00000fd2                STEPPER_set_accel2
 .text          0x0000100a       0x2a ../../../../CEENBoT Files\libcapi324v221.a(STEPPER_set_dir.o)
                0x0000100a                STEPPER_set_dir
 .text          0x00001034       0x14 ../../../../CEENBoT Files\libcapi324v221.a(STEPPER_set_dir2.o)
                0x00001034                STEPPER_set_dir2
 .text          0x00001048       0x2a ../../../../CEENBoT Files\libcapi324v221.a(STEPPER_set_mode.o)
                0x00001048                STEPPER_set_mode
 .text          0x00001072       0x58 ../../../../CEENBoT Files\libcapi324v221.a(STEPPER_set_speed.o)
                0x00001072                STEPPER_set_speed
 .text          0x000010ca       0x3c ../../../../CEENBoT Files\libcapi324v221.a(STEPPER_set_speed2.o)
                0x000010ca                STEPPER_set_speed2
 .text          0x00001106      0x124 ../../../../CEENBoT Files\libcapi324v221.a(STEPPER_step.o)
                0x00001106                STEPPER_step
 .text          0x0000122a      0x10a ../../../../CEENBoT Files\libcapi324v221.a(STEPPER_step2.o)
                0x0000122a                STEPPER_step2
 .text          0x00001334       0x4a ../../../../CEENBoT Files\libcapi324v221.a(STEPPER_stop.o)
                0x00001334                STEPPER_stop
 .text          0x0000137e       0xde ../../../../CEENBoT Files\libcapi324v221.a(STEPPER_wait_and_then.o)
                0x0000137e                STEPPER_wait_and_then
 .text          0x0000145c       0x14 ../../../../CEENBoT Files\libcapi324v221.a(__STEPPER_init.o)
                0x0000145c                __STEPPER_init
 .text          0x00001470       0x3a ../../../../CEENBoT Files\libcapi324v221.a(STOPWATCH_open.o)
                0x00001470                STOPWATCH_open
 .text          0x000014aa       0x2a ../../../../CEENBoT Files\libcapi324v221.a(__STOPWATCH_init.o)
                0x000014aa                __STOPWATCH_init
 .text          0x000014d4       0x22 ../../../../CEENBoT Files\libcapi324v221.a(SYS_decrement_refcount.o)
                0x000014d4                SYS_decrement_refcount
 .text          0x000014f6       0x1c ../../../../CEENBoT Files\libcapi324v221.a(SYS_increment_refcount.o)
                0x000014f6                SYS_increment_refcount
 .text          0x00001512       0x1a ../../../../CEENBoT Files\libcapi324v221.a(SYS_isOpen.o)
                0x00001512                SYS_isOpen
 .text          0x0000152c       0x6c ../../../../CEENBoT Files\libcapi324v221.a(ATTINY_get_IR_state.o)
                0x0000152c                ATTINY_get_IR_state
 .text          0x00001598       0x64 ../../../../CEENBoT Files\libcapi324v221.a(ATTINY_get_sensors.o)
                0x00001598                ATTINY_get_sensors
 .text          0x000015fc       0x58 ../../../../CEENBoT Files\libcapi324v221.a(ATTINY_open.o)
                0x000015fc                ATTINY_open
 .text          0x00001654       0x82 ../../../../CEENBoT Files\libcapi324v221.a(__ATTINY_initialize_params.o)
                0x00001654                __ATTINY_initialize_params
 .text          0x000016d6       0x5c ../../../../CEENBoT Files\libcapi324v221.a(TMRSRVC_delay.o)
                0x000016d6                TMRSRVC_delay
 .text          0x00001732       0x7e ../../../../CEENBoT Files\libcapi324v221.a(TMRSRVC_new.o)
                0x00001732                TMRSRVC_new
 .text          0x000017b0       0xd2 ../../../../CEENBoT Files\libcapi324v221.a(__TMRSRVC_insert.o)
                0x000017b0                TMRSRVC_insert
 .text          0x00001882       0x4e ../../../../CEENBoT Files\libcapi324v221.a(USONIC_open.o)
                0x00001882                USONIC_open
 .text          0x000018d0        0x6 ../../../../CEENBoT Files\libcapi324v221.a(__USONIC_init.o)
                0x000018d0                __USONIC_init
 .text          0x000018d6       0x1c ../../../../CEENBoT Files\libcapi324v221.a(CBOT_init.o)
                0x000018d6                CBOT_init
 .text          0x000018f2      0x480 ../../../../CEENBoT Files\libcapi324v221.a(CBOT_isr.o)
                0x000018f2                CBOT_ISR_init
                0x000018f6                __vector_16
                0x00001948                __vector_17
                0x0000199a                __vector_18
                0x000019ec                __vector_9
                0x00001a3e                __vector_10
                0x00001a90                __vector_11
                0x00001ae2                __vector_13
                0x00001b34                __vector_14
                0x00001b86                __vector_12
                0x00001bd8                __vector_15
                0x00001c2a                __vector_4
                0x00001c7c                __vector_5
                0x00001cce                __vector_6
                0x00001d20                __vector_7
 .text          0x00001d72       0x26 ../../../../CEENBoT Files\libcapi324v221.a(ISR_attach.o)
                0x00001d72                ISR_attach
 .text          0x00001d98       0x24 ../../../../CEENBoT Files\libcapi324v221.a(ISR_open.o)
                0x00001d98                ISR_open
 .text          0x00001dbc      0x168 ../../../../CEENBoT Files\libcapi324v221.a(__LCD_putchar.o)
                0x00001dbc                __LCD_putchar
 .text          0x00001f24       0x18 ../../../../CEENBoT Files\libcapi324v221.a(LED_clr_pattern.o)
                0x00001f24                LED_clr_pattern
 .text          0x00001f3c        0xc ../../../../CEENBoT Files\libcapi324v221.a(__LED_clr_pattern.o)
                0x00001f3c                __LED_clr_pattern
 .text          0x00001f48       0x12 ../../../../CEENBoT Files\libcapi324v221.a(ATMEGA_open.o)
                0x00001f48                ATMEGA_open
 .text          0x00001f5a       0xac ../../../../CEENBoT Files\libcapi324v221.a(ATMEGA_set_clk_mode.o)
                0x00001f5a                ATMEGA_set_clk_mode
 .text          0x00002006        0x6 ../../../../CEENBoT Files\libcapi324v221.a(__ATMEGA_init.o)
                0x00002006                __ATMEGA_init
 .text          0x0000200c       0x52 ../../../../CEENBoT Files\libcapi324v221.a(SPI_cfgrs.o)
                0x0000200c                SPI_FLASH_config
                0x0000201e                SPI_default_config
                0x0000202e                SPI_ATtiny0_config
                0x0000203e                SPI_PSXC_config
                0x0000204e                SPI_LCD_config
 .text          0x0000205e       0x22 ../../../../CEENBoT Files\libcapi324v221.a(SPI_receive.o)
                0x0000205e                SPI_receive
 .text          0x00002080       0x64 ../../../../CEENBoT Files\libcapi324v221.a(SPKR_close.o)
                0x00002080                __SPKR_close_beep_mode
                0x00002096                __SPKR_close_tone_mode
                0x000020d0                SPKR_close
 .text          0x000020e4      0x164 ../../../../CEENBoT Files\libcapi324v221.a(SPKR_open.o)
                0x000020e4                __SPKR_set_up_freq_LUT
                0x000021aa                __SPKR_open_beep_mode
                0x000021d0                __SPKR_open_tone_mode
                0x0000222e                SPKR_open
 .text          0x00002248       0xac ../../../../CEENBoT Files\libcapi324v221.a(SPKR_play_beep.o)
                0x00002248                SPKR_play_beep
 .text          0x000022f4       0x38 ../../../../CEENBoT Files\libcapi324v221.a(__SPKR_close.o)
                0x000022f4                __SPKR_close
 .text          0x0000232c       0x54 ../../../../CEENBoT Files\libcapi324v221.a(__SPKR_init.o)
                0x0000232c                __SPKR_init
 .text          0x00002380        0xc ../../../../CEENBoT Files\libcapi324v221.a(__SPKR_stop.o)
                0x00002380                __SPKR_stop
 .text          0x0000238c       0x2a ../../../../CEENBoT Files\libcapi324v221.a(STEPPER_go.o)
                0x0000238c                STEPPER_go
 .text          0x000023b6       0x36 ../../../../CEENBoT Files\libcapi324v221.a(STEPPER_set_steps.o)
                0x000023b6                STEPPER_set_steps
 .text          0x000023ec       0x1c ../../../../CEENBoT Files\libcapi324v221.a(STEPPER_set_steps2.o)
                0x000023ec                STEPPER_set_steps2
 .text          0x00002408       0x2a ../../../../CEENBoT Files\libcapi324v221.a(STEPPER_set_stop_mode.o)
                0x00002408                STEPPER_set_stop_mode
 .text          0x00002432       0x7a ../../../../CEENBoT Files\libcapi324v221.a(STEPPER_setup_decels.o)
                0x00002432                STEPPER_setup_decels
 .text          0x000024ac        0x6 ../../../../CEENBoT Files\libcapi324v221.a(ISR__TIMER1_COMPA_vect.o)
                0x000024ac                __TIMER1_COMPA_vect
 .text          0x000024b2       0x1e ../../../../CEENBoT Files\libcapi324v221.a(SYS_init.o)
                0x000024b2                SYS_init
 .text          0x000024d0       0x10 ../../../../CEENBoT Files\libcapi324v221.a(SYS_set_refcount.o)
                0x000024d0                SYS_set_refcount
 .text          0x000024e0       0x7a ../../../../CEENBoT Files\libcapi324v221.a(ATTINY_get_firm_rev.o)
                0x000024e0                ATTINY_get_firm_rev
 .text          0x0000255a       0x42 ../../../../CEENBoT Files\libcapi324v221.a(ATTINY_power_cycle_IR.o)
                0x0000255a                ATTINY_power_cycle_IR
 .text          0x0000259c       0x3a ../../../../CEENBoT Files\libcapi324v221.a(TMRSRVC_open.o)
                0x0000259c                TMRSRVC_open
 .text          0x000025d6        0x8 ../../../../CEENBoT Files\libcapi324v221.a(TMRSRVC_start.o)
                0x000025d6                TMRSRVC_start
 .text          0x000025de       0x12 ../../../../CEENBoT Files\libcapi324v221.a(__TMRSRVC_init.o)
                0x000025de                __TMRSRVC_init
 .text          0x000025f0        0xc ../../../../CEENBoT Files\libcapi324v221.a(__TMRSRVC_start.o)
                0x000025f0                __TMRSRVC_start
 .text          0x000025fc       0x18 ../../../../CEENBoT Files\libcapi324v221.a(STOPWATCH_clk.o)
                0x000025fc                STOPWATCH_clk
 .text          0x00002614       0x20 ../../../../CEENBoT Files\libcapi324v221.a(__ISR_attach.o)
                0x00002614                __ISR_attach
 .text          0x00002634        0x6 ../../../../CEENBoT Files\libcapi324v221.a(ISR__SPKR__TIMER1_COMPA_vect.o)
                0x00002634                __SPKR_TIMER1_COMPA_vect
 .text          0x0000263a       0x48 ../../../../CEENBoT Files\libcapi324v221.a(SPKR_beep.o)
                0x0000263a                SPKR_beep
 .text          0x00002682       0x82 ../../../../CEENBoT Files\libcapi324v221.a(SPKR_clk.o)
                0x00002682                SPKR_clk
 .text          0x00002704       0xd6 ../../../../CEENBoT Files\libcapi324v221.a(STEPPER_set_decel_step_values.o)
                0x00002704                STEPPER_set_decel_step_values
 .text          0x000027da        0xe ../../../../CEENBoT Files\libcapi324v221.a(ISR__TIMER0_COMPA_vect.o)
                0x000027da                __TIMER0_COMPA_vect
 .text          0x000027e8       0x34 ../../../../CEENBoT Files\libcapi324v221.a(TMRSRVC_tick.o)
                0x000027e8                TMRSRVC_tick
 .text          0x0000281c       0x4e ../../../../CEENBoT Files\libcapi324v221.a(SPKR_beep_clk.o)
                0x0000281c                SPKR_beep_clk
 .text          0x0000286a      0x162 ../../../../CEENBoT Files\libcapi324v221.a(STEPPER_clk.o)
                0x0000286a                STEPPER_clk
 .text          0x000029cc       0x8a ../../../../CEENBoT Files\libcapi324v221.a(STEPPER_process_accel.o)
                0x000029cc                STEPPER_process_accel
 .text          0x00002a56      0x1fe ../../../../CEENBoT Files\libcapi324v221.a(STEPPER_process_run_mode.o)
                0x00002a56                STEPPER_process_run_mode
 .text          0x00002c54       0xac ../../../../CEENBoT Files\libcapi324v221.a(STEPPER_process_step_mode.o)
                0x00002c54                STEPPER_process_step_mode
 .text          0x00002d00       0xd8 ../../../../CEENBoT Files\libcapi324v221.a(TMRSRVC_process.o)
                0x00002d00                TMRSRVC_process
 .text          0x00002dd8        0x6 ../../../../CEENBoT Files\libcapi324v221.a(TMRSRVC_stop.o)
                0x00002dd8                TMRSRVC_stop
 .text          0x00002dde      0x130 ../../../../CEENBoT Files\libcapi324v221.a(STEPPER_process_pwm.o)
                0x00002dde                STEPPER_process_pwm
                0x00002f0e                . = ALIGN (0x2)
 *(.text.*)
 .text.info_display
                0x00002f0e       0x58 main.o
                0x00002f0e                info_display
 .text.compare_actions
                0x00002f66       0x5a main.o
                0x00002f66                compare_actions
 .text.IR_sense
                0x00002fc0       0x4c main.o
                0x00002fc0                IR_sense
 .text.Photo_sense
                0x0000300c       0xa4 main.o
                0x0000300c                Photo_sense
 .text.Photo_init
                0x000030b0       0x7a main.o
                0x000030b0                Photo_init
 .text.Cruise   0x0000312a       0x20 main.o
                0x0000312a                Cruise
 .text.IR_avoid
                0x0000314a      0x262 main.o
                0x0000314a                IR_avoid
 .text.Light_Follow
                0x000033ac      0x262 main.o
                0x000033ac                Light_Follow
 .text.act      0x0000360e       0x40 main.o
                0x0000360e                act
 .text.CBOT_main
                0x0000364e       0xc0 main.o
                0x0000364e                CBOT_main
 .text.avr-libc.fplib
                0x0000370e        0xe c:/program files (x86)/atmel/studio/7.0/toolchain/avr8/avr8-gnu-toolchain/bin/../lib/gcc/avr/4.9.2/../../../../avr/lib/avr5\libm.a(addsf3.o)
                0x0000370e                __subsf3
                0x00003710                __addsf3
 .text.avr-libc.fplib
                0x0000371c       0xcc c:/program files (x86)/atmel/studio/7.0/toolchain/avr8/avr8-gnu-toolchain/bin/../lib/gcc/avr/4.9.2/../../../../avr/lib/avr5\libm.a(addsf3x.o)
                0x0000373e                __addsf3x
 .text.avr-libc.fplib
                0x000037e8        0xa c:/program files (x86)/atmel/studio/7.0/toolchain/avr8/avr8-gnu-toolchain/bin/../lib/gcc/avr/4.9.2/../../../../avr/lib/avr5\libm.a(cmpsf2.o)
                0x000037e8                __nesf2
                0x000037e8                __eqsf2
                0x000037e8                __cmpsf2
                0x000037e8                __ltsf2
                0x000037e8                __lesf2
 .text.avr-libc.fplib
                0x000037f2        0x8 c:/program files (x86)/atmel/studio/7.0/toolchain/avr8/avr8-gnu-toolchain/bin/../lib/gcc/avr/4.9.2/../../../../avr/lib/avr5\libm.a(divsf3.o)
                0x000037f2                __divsf3
 .text.avr-libc.fplib
                0x000037fa       0xdc c:/program files (x86)/atmel/studio/7.0/toolchain/avr8/avr8-gnu-toolchain/bin/../lib/gcc/avr/4.9.2/../../../../avr/lib/avr5\libm.a(divsf3x.o)
                0x0000381a                __divsf3x
                0x00003820                __divsf3_pse
 .text.avr-libc.fplib
                0x000038d6        0xe c:/program files (x86)/atmel/studio/7.0/toolchain/avr8/avr8-gnu-toolchain/bin/../lib/gcc/avr/4.9.2/../../../../avr/lib/avr5\libm.a(fixsfsi.o)
                0x000038d6                __fixsfsi
 .text.avr-libc.fplib
                0x000038e4       0x5e c:/program files (x86)/atmel/studio/7.0/toolchain/avr8/avr8-gnu-toolchain/bin/../lib/gcc/avr/4.9.2/../../../../avr/lib/avr5\libm.a(fixunssfsi.o)
                0x000038e4                __fixunssfsi
 .text.avr-libc.fplib
                0x00003942       0x7a c:/program files (x86)/atmel/studio/7.0/toolchain/avr8/avr8-gnu-toolchain/bin/../lib/gcc/avr/4.9.2/../../../../avr/lib/avr5\libm.a(floatsisf.o)
                0x00003942                __floatunsisf
                0x00003946                __floatsisf
 .text.avr-libc.fplib
                0x000039bc       0x48 c:/program files (x86)/atmel/studio/7.0/toolchain/avr8/avr8-gnu-toolchain/bin/../lib/gcc/avr/4.9.2/../../../../avr/lib/avr5\libm.a(fp_cmp.o)
                0x000039bc                __fp_cmp
 .text.avr-libc.fplib
                0x00003a04        0xc c:/program files (x86)/atmel/studio/7.0/toolchain/avr8/avr8-gnu-toolchain/bin/../lib/gcc/avr/4.9.2/../../../../avr/lib/avr5\libm.a(fp_inf.o)
                0x00003a04                __fp_inf
 .text.avr-libc.fplib
                0x00003a10        0x6 c:/program files (x86)/atmel/studio/7.0/toolchain/avr8/avr8-gnu-toolchain/bin/../lib/gcc/avr/4.9.2/../../../../avr/lib/avr5\libm.a(fp_nan.o)
                0x00003a10                __fp_nan
 .text.avr-libc.fplib
                0x00003a16        0xe c:/program files (x86)/atmel/studio/7.0/toolchain/avr8/avr8-gnu-toolchain/bin/../lib/gcc/avr/4.9.2/../../../../avr/lib/avr5\libm.a(fp_pscA.o)
                0x00003a16                __fp_pscA
 .text.avr-libc.fplib
                0x00003a24        0xe c:/program files (x86)/atmel/studio/7.0/toolchain/avr8/avr8-gnu-toolchain/bin/../lib/gcc/avr/4.9.2/../../../../avr/lib/avr5\libm.a(fp_pscB.o)
                0x00003a24                __fp_pscB
 .text.avr-libc.fplib
                0x00003a32       0x22 c:/program files (x86)/atmel/studio/7.0/toolchain/avr8/avr8-gnu-toolchain/bin/../lib/gcc/avr/4.9.2/../../../../avr/lib/avr5\libm.a(fp_round.o)
                0x00003a32                __fp_round
 .text.avr-libc.fplib
                0x00003a54       0x44 c:/program files (x86)/atmel/studio/7.0/toolchain/avr8/avr8-gnu-toolchain/bin/../lib/gcc/avr/4.9.2/../../../../avr/lib/avr5\libm.a(fp_split3.o)
                0x00003a54                __fp_split3
                0x00003a64                __fp_splitA
 .text.avr-libc.fplib
                0x00003a98        0xe c:/program files (x86)/atmel/studio/7.0/toolchain/avr8/avr8-gnu-toolchain/bin/../lib/gcc/avr/4.9.2/../../../../avr/lib/avr5\libm.a(fp_zero.o)
                0x00003a98                __fp_zero
                0x00003a9a                __fp_szero
 .text.avr-libc.fplib
                0x00003aa6        0xa c:/program files (x86)/atmel/studio/7.0/toolchain/avr8/avr8-gnu-toolchain/bin/../lib/gcc/avr/4.9.2/../../../../avr/lib/avr5\libm.a(gesf2.o)
                0x00003aa6                __gesf2
                0x00003aa6                __gtsf2
 .text.avr-libc.fplib
                0x00003ab0        0x8 c:/program files (x86)/atmel/studio/7.0/toolchain/avr8/avr8-gnu-toolchain/bin/../lib/gcc/avr/4.9.2/../../../../avr/lib/avr5\libm.a(mulsf3.o)
                0x00003ab0                __mulsf3
 .text.avr-libc.fplib
                0x00003ab8       0xd2 c:/program files (x86)/atmel/studio/7.0/toolchain/avr8/avr8-gnu-toolchain/bin/../lib/gcc/avr/4.9.2/../../../../avr/lib/avr5\libm.a(mulsf3x.o)
                0x00003ad6                __mulsf3x
                0x00003adc                __mulsf3_pse
 .text.avr-libc
                0x00003b8a      0x6f8 c:/program files (x86)/atmel/studio/7.0/toolchain/avr8/avr8-gnu-toolchain/bin/../lib/gcc/avr/4.9.2/../../../../avr/lib/avr5\libprintf_flt.a(vfprintf_flt.o)
                0x00003b8a                vfprintf
 .text.avr-libc.fplib
                0x00004282       0x7a c:/program files (x86)/atmel/studio/7.0/toolchain/avr8/avr8-gnu-toolchain/bin/../lib/gcc/avr/4.9.2/../../../../avr/lib/avr5\libm.a(lrint.o)
                0x00004282                lrint
 .text.avr-libc.fplib
                0x000042fc       0xa0 c:/program files (x86)/atmel/studio/7.0/toolchain/avr8/avr8-gnu-toolchain/bin/../lib/gcc/avr/4.9.2/../../../../avr/lib/avr5\libm.a(pow.o)
                0x000042fc                pow
 .text.avr-libc.fplib
                0x0000439c       0x74 c:/program files (x86)/atmel/studio/7.0/toolchain/avr8/avr8-gnu-toolchain/bin/../lib/gcc/avr/4.9.2/../../../../avr/lib/avr5\libm.a(exp.o)
                0x000043ac                exp
 .text.avr-libc.fplib
                0x00004410       0x4e c:/program files (x86)/atmel/studio/7.0/toolchain/avr8/avr8-gnu-toolchain/bin/../lib/gcc/avr/4.9.2/../../../../avr/lib/avr5\libm.a(fp_powser.o)
                0x00004410                __fp_powser
 .text.avr-libc.fplib
                0x0000445e       0x10 c:/program files (x86)/atmel/studio/7.0/toolchain/avr8/avr8-gnu-toolchain/bin/../lib/gcc/avr/4.9.2/../../../../avr/lib/avr5\libm.a(inverse.o)
                0x0000445e                inverse
 .text.avr-libc.fplib
                0x0000446e       0x74 c:/program files (x86)/atmel/studio/7.0/toolchain/avr8/avr8-gnu-toolchain/bin/../lib/gcc/avr/4.9.2/../../../../avr/lib/avr5\libm.a(ldexp.o)
                0x00004476                ldexp
 .text.avr-libc.fplib
                0x000044e2       0xa0 c:/program files (x86)/atmel/studio/7.0/toolchain/avr8/avr8-gnu-toolchain/bin/../lib/gcc/avr/4.9.2/../../../../avr/lib/avr5\libm.a(log.o)
                0x000044f2                log
 .text.avr-libc.fplib
                0x00004582       0x68 c:/program files (x86)/atmel/studio/7.0/toolchain/avr8/avr8-gnu-toolchain/bin/../lib/gcc/avr/4.9.2/../../../../avr/lib/avr5\libm.a(modf.o)
                0x00004582                modf
                0x00004582                modff
 .text.avr-libc.fplib
                0x000045ea       0x1c c:/program files (x86)/atmel/studio/7.0/toolchain/avr8/avr8-gnu-toolchain/bin/../lib/gcc/avr/4.9.2/../../../../avr/lib/avr5\libm.a(fp_mpack.o)
                0x000045ea                __fp_mpack
                0x000045ee                __fp_mpack_finite
 .text.libgcc.mul
                0x00004606       0x20 c:/program files (x86)/atmel/studio/7.0/toolchain/avr8/avr8-gnu-toolchain/bin/../lib/gcc/avr/4.9.2/avr5\libgcc.a(_mulsi3.o)
                0x00004606                __mulsi3
 .text.libgcc.div
                0x00004626       0x44 c:/program files (x86)/atmel/studio/7.0/toolchain/avr8/avr8-gnu-toolchain/bin/../lib/gcc/avr/4.9.2/avr5\libgcc.a(_udivmodsi4.o)
                0x00004626                __udivmodsi4
 .text.libgcc.mul
                0x0000466a       0x1e c:/program files (x86)/atmel/studio/7.0/toolchain/avr8/avr8-gnu-toolchain/bin/../lib/gcc/avr/4.9.2/avr5\libgcc.a(_umulhisi3.o)
                0x0000466a                __umulhisi3
 .text.libgcc.mul
                0x00004688       0x16 c:/program files (x86)/atmel/studio/7.0/toolchain/avr8/avr8-gnu-toolchain/bin/../lib/gcc/avr/4.9.2/avr5\libgcc.a(_muluhisi3.o)
                0x00004688                __muluhisi3
 .text.libgcc.prologue
                0x0000469e       0x38 c:/program files (x86)/atmel/studio/7.0/toolchain/avr8/avr8-gnu-toolchain/bin/../lib/gcc/avr/4.9.2/avr5\libgcc.a(_prologue.o)
                0x0000469e                __prologue_saves__
 .text.libgcc.prologue
                0x000046d6       0x36 c:/program files (x86)/atmel/studio/7.0/toolchain/avr8/avr8-gnu-toolchain/bin/../lib/gcc/avr/4.9.2/avr5\libgcc.a(_epilogue.o)
                0x000046d6                __epilogue_restores__
 .text.avr-libc
                0x0000470c      0x25a c:/program files (x86)/atmel/studio/7.0/toolchain/avr8/avr8-gnu-toolchain/bin/../lib/gcc/avr/4.9.2/../../../../avr/lib/avr5\libc.a(malloc.o)
                0x0000470c                malloc
                0x00004836                free
 .text.avr-libc
                0x00004966      0x1b0 c:/program files (x86)/atmel/studio/7.0/toolchain/avr8/avr8-gnu-toolchain/bin/../lib/gcc/avr/4.9.2/../../../../avr/lib/avr5\libc.a(ftoa_engine.o)
                0x00004966                __ftoa_engine
 .text.avr-libc
                0x00004b16       0x16 c:/program files (x86)/atmel/studio/7.0/toolchain/avr8/avr8-gnu-toolchain/bin/../lib/gcc/avr/4.9.2/../../../../avr/lib/avr5\libc.a(strnlen_P.o)
                0x00004b16                strnlen_P
 .text.avr-libc
                0x00004b2c       0x16 c:/program files (x86)/atmel/studio/7.0/toolchain/avr8/avr8-gnu-toolchain/bin/../lib/gcc/avr/4.9.2/../../../../avr/lib/avr5\libc.a(strnlen.o)
                0x00004b2c                strnlen
 .text.avr-libc
                0x00004b42       0x70 c:/program files (x86)/atmel/studio/7.0/toolchain/avr8/avr8-gnu-toolchain/bin/../lib/gcc/avr/4.9.2/../../../../avr/lib/avr5\libc.a(fputc.o)
                0x00004b42                fputc
 .text.avr-libc
                0x00004bb2       0x60 c:/program files (x86)/atmel/studio/7.0/toolchain/avr8/avr8-gnu-toolchain/bin/../lib/gcc/avr/4.9.2/../../../../avr/lib/avr5\libc.a(puts.o)
                0x00004bb2                puts
 .text.avr-libc
                0x00004c12       0xbc c:/program files (x86)/atmel/studio/7.0/toolchain/avr8/avr8-gnu-toolchain/bin/../lib/gcc/avr/4.9.2/../../../../avr/lib/avr5\libc.a(ultoa_invert.o)
                0x00004c12                __ultoa_invert
                0x00004cce                . = ALIGN (0x2)
 *(.fini9)
 .fini9         0x00004cce        0x0 c:/program files (x86)/atmel/studio/7.0/toolchain/avr8/avr8-gnu-toolchain/bin/../lib/gcc/avr/4.9.2/avr5\libgcc.a(_exit.o)
                0x00004cce                _exit
                0x00004cce                exit
 *(.fini9)
 *(.fini8)
 *(.fini8)
 *(.fini7)
 *(.fini7)
 *(.fini6)
 *(.fini6)
 *(.fini5)
 *(.fini5)
 *(.fini4)
 *(.fini4)
 *(.fini3)
 *(.fini3)
 *(.fini2)
 *(.fini2)
 *(.fini1)
 *(.fini1)
 *(.fini0)
 .fini0         0x00004cce        0x4 c:/program files (x86)/atmel/studio/7.0/toolchain/avr8/avr8-gnu-toolchain/bin/../lib/gcc/avr/4.9.2/avr5\libgcc.a(_exit.o)
 *(.fini0)
                0x00004cd2                _etext = .

.data           0x00800100       0x78 load address 0x00004cd2
                0x00800100                PROVIDE (__data_start, .)
 *(.data)
 .data          0x00800100        0x1 ../../../../CEENBoT Files\libcapi324v221.a(ADC_set_channel.o)
 .data          0x00800101        0x4 ../../../../CEENBoT Files\libcapi324v221.a(ATTINY_get_IR_state.o)
 .data          0x00800105        0xe ../../../../CEENBoT Files\libcapi324v221.a(LCD_globals.o)
                0x00800105                LCD_stdout
 .data          0x00800113        0x8 ../../../../CEENBoT Files\libcapi324v221.a(STEPPER_globals.o)
                0x00800113                Motor_L_LUT
                0x00800117                Motor_R_LUT
 .data          0x0080011b        0x6 c:/program files (x86)/atmel/studio/7.0/toolchain/avr8/avr8-gnu-toolchain/bin/../lib/gcc/avr/4.9.2/../../../../avr/lib/avr5\libc.a(malloc.o)
                0x0080011b                __malloc_heap_end
                0x0080011d                __malloc_heap_start
                0x0080011f                __malloc_margin
 *(.data*)
 *(.rodata)
 *(.rodata*)
 .rodata.str1.1
                0x00800121       0x56 main.o
 *(.gnu.linkonce.d*)
                0x00800178                . = ALIGN (0x2)
 *fill*         0x00800177        0x1 
                0x00800178                _edata = .
                0x00800178                PROVIDE (__data_end, .)

.bss            0x00800178      0x11e
                0x00800178                PROVIDE (__bss_start, .)
 *(.bss)
 .bss           0x00800178        0x2 ../../../../CEENBoT Files\libcapi324v221.a(STEPPER_step.o)
 .bss           0x0080017a        0x2 ../../../../CEENBoT Files\libcapi324v221.a(STEPPER_step2.o)
 .bss           0x0080017c        0xb ../../../../CEENBoT Files\libcapi324v221.a(ATTINY_get_IR_state.o)
 .bss           0x00800187       0x40 ../../../../CEENBoT Files\libcapi324v221.a(ISR_globals.o)
                0x00800187                CBOT_ISR_vtable
 .bss           0x008001c7       0x10 ../../../../CEENBoT Files\libcapi324v221.a(SPI_globals.o)
                0x008001c7                spi_config_func_LUT
 .bss           0x008001d7       0x10 ../../../../CEENBoT Files\libcapi324v221.a(SPKR_globals.o)
                0x008001d7                tone_mode_active
                0x008001d8                beep_mode_active
                0x008001d9                spkr_accum32
                0x008001dd                spkr_freq
                0x008001e1                beep_accum16
                0x008001e3                beep_freq
                0x008001e5                p_Freq_LUT
 .bss           0x008001e7        0x2 ../../../../CEENBoT Files\libcapi324v221.a(TMRSRVC_globals.o)
                0x008001e7                timer_busy_status
                0x008001e8                timer_run_status
 .bss           0x008001e9        0x1 ../../../../CEENBoT Files\libcapi324v221.a(STEPPER_process_run_mode.o)
 .bss           0x008001ea        0x4 ../../../../CEENBoT Files\libcapi324v221.a(STEPPER_process_pwm.o)
 *(.bss*)
 .bss.previous_action.3696
                0x008001ee        0x9 main.o
 .bss.sense_timer.3656
                0x008001f7        0x9 main.o
 .bss.timer_started.3655
                0x00800200        0x1 main.o
 .bss.sense_timer.3650
                0x00800201        0x9 main.o
 .bss.timer_started.3649
                0x0080020a        0x1 main.o
 .bss.previous_state.3633
                0x0080020b        0x1 main.o
 *(COMMON)
 COMMON         0x0080020c        0x9 main.o
                0x0080020c                action
 COMMON         0x00800215       0x15 ../../../../CEENBoT Files\libcapi324v221.a(SYS_globals.o)
                0x00800215                CBOT_SYSTEM_refcount
 COMMON         0x0080022a        0x5 ../../../../CEENBoT Files\libcapi324v221.a(LCD_globals.o)
                0x0080022a                LCD_params
 COMMON         0x0080022f        0x1 ../../../../CEENBoT Files\libcapi324v221.a(SPI_globals.o)
                0x0080022f                curr_spi_addr
 COMMON         0x00800230       0x39 ../../../../CEENBoT Files\libcapi324v221.a(STEPPER_globals.o)
                0x00800230                STEPPER_params
                0x00800267                step_done
 COMMON         0x00800269        0x2 ../../../../CEENBoT Files\libcapi324v221.a(STOPWATCH_globals.o)
                0x00800269                STOPWATCH_params
 COMMON         0x0080026b       0x1e ../../../../CEENBoT Files\libcapi324v221.a(ATTINY_globals.o)
                0x0080026b                ATTINY_params
 COMMON         0x00800289        0x3 ../../../../CEENBoT Files\libcapi324v221.a(TMRSRVC_globals.o)
                0x00800289                tmrNodes
 COMMON         0x0080028c        0x4 c:/program files (x86)/atmel/studio/7.0/toolchain/avr8/avr8-gnu-toolchain/bin/../lib/gcc/avr/4.9.2/../../../../avr/lib/avr5\libc.a(malloc.o)
                0x0080028c                __brkval
                0x0080028e                __flp
 COMMON         0x00800290        0x6 c:/program files (x86)/atmel/studio/7.0/toolchain/avr8/avr8-gnu-toolchain/bin/../lib/gcc/avr/4.9.2/../../../../avr/lib/avr5\libc.a(iob.o)
                0x00800290                __iob
                0x00800296                PROVIDE (__bss_end, .)
                0x00004cd2                __data_load_start = LOADADDR (.data)
                0x00004d4a                __data_load_end = (__data_load_start + SIZEOF (.data))

.noinit         0x00800296        0x0
                [!provide]                PROVIDE (__noinit_start, .)
 *(.noinit*)
                [!provide]                PROVIDE (__noinit_end, .)
                0x00800296                _end = .
                0x00800296                PROVIDE (__heap_start, .)

.eeprom         0x00810000        0x0
 *(.eeprom*)
                0x00810000                __eeprom_end = .

.fuse
 *(.fuse)
 *(.lfuse)
 *(.hfuse)
 *(.efuse)

.lock
 *(.lock*)

.signature
 *(.signature*)

.user_signatures
 *(.user_signatures*)

.stab
 *(.stab)

.stabstr
 *(.stabstr)

.stab.excl
 *(.stab.excl)

.stab.exclstr
 *(.stab.exclstr)

.stab.index
 *(.stab.index)

.stab.indexstr
 *(.stab.indexstr)

.comment        0x00000000       0x5c
 *(.comment)
 .comment       0x00000000       0x30 main.o
                                 0x31 (size before relaxing)
 .comment       0x00000030       0x2c c:/program files (x86)/atmel/studio/7.0/toolchain/avr8/avr8-gnu-toolchain/bin/../lib/gcc/avr/4.9.2/../../../../avr/lib/avr5\libprintf_flt.a(vfprintf_flt.o)
                                 0x2d (size before relaxing)
 .comment       0x0000005c       0x31 c:/program files (x86)/atmel/studio/7.0/toolchain/avr8/avr8-gnu-toolchain/bin/../lib/gcc/avr/4.9.2/../../../../avr/lib/avr5\libc.a(malloc.o)
 .comment       0x0000005c       0x31 c:/program files (x86)/atmel/studio/7.0/toolchain/avr8/avr8-gnu-toolchain/bin/../lib/gcc/avr/4.9.2/../../../../avr/lib/avr5\libc.a(fputc.o)
 .comment       0x0000005c       0x31 c:/program files (x86)/atmel/studio/7.0/toolchain/avr8/avr8-gnu-toolchain/bin/../lib/gcc/avr/4.9.2/../../../../avr/lib/avr5\libc.a(iob.o)
 .comment       0x0000005c       0x31 c:/program files (x86)/atmel/studio/7.0/toolchain/avr8/avr8-gnu-toolchain/bin/../lib/gcc/avr/4.9.2/../../../../avr/lib/avr5\libc.a(puts.o)

.note.gnu.avr.deviceinfo
                0x00000000       0x40
 .note.gnu.avr.deviceinfo
                0x00000000       0x40 C:/Program Files (x86)/Atmel/Studio/7.0/Packs/atmel/ATmega_DFP/1.1.130/gcc/dev/atmega324p/avr5/crtatmega324p.o

.note.gnu.build-id
 *(.note.gnu.build-id)

.debug
 *(.debug)

.line
 *(.line)

.debug_srcinfo
 *(.debug_srcinfo)

.debug_sfnames
 *(.debug_sfnames)

.debug_aranges  0x00000000       0x78
 *(.debug_aranges)
 .debug_aranges
                0x00000000       0x78 main.o

.debug_pubnames
 *(.debug_pubnames)

.debug_info     0x00000000     0x1516
 *(.debug_info .gnu.linkonce.wi.*)
 .debug_info    0x00000000      0x6cc C:/Program Files (x86)/Atmel/Studio/7.0/Packs/atmel/ATmega_DFP/1.1.130/gcc/dev/atmega324p/avr5/crtatmega324p.o
 .debug_info    0x000006cc      0xe4a main.o

.debug_abbrev   0x00000000      0x9ce
 *(.debug_abbrev)
 .debug_abbrev  0x00000000      0x66e C:/Program Files (x86)/Atmel/Studio/7.0/Packs/atmel/ATmega_DFP/1.1.130/gcc/dev/atmega324p/avr5/crtatmega324p.o
 .debug_abbrev  0x0000066e      0x360 main.o

.debug_line     0x00000000      0x754
 *(.debug_line .debug_line.* .debug_line_end)
 .debug_line    0x00000000      0x151 C:/Program Files (x86)/Atmel/Studio/7.0/Packs/atmel/ATmega_DFP/1.1.130/gcc/dev/atmega324p/avr5/crtatmega324p.o
 .debug_line    0x00000151      0x603 main.o

.debug_frame    0x00000000      0x298
 *(.debug_frame)
 .debug_frame   0x00000000      0x298 main.o

.debug_str      0x00000000      0xb07
 *(.debug_str)
 .debug_str     0x00000000      0x255 C:/Program Files (x86)/Atmel/Studio/7.0/Packs/atmel/ATmega_DFP/1.1.130/gcc/dev/atmega324p/avr5/crtatmega324p.o
 .debug_str     0x00000255      0x8b2 main.o
                                0x90a (size before relaxing)

.debug_loc      0x00000000      0xc2a
 *(.debug_loc)
 .debug_loc     0x00000000      0xc2a main.o

.debug_macinfo
 *(.debug_macinfo)

.debug_weaknames
 *(.debug_weaknames)

.debug_funcnames
 *(.debug_funcnames)

.debug_typenames
 *(.debug_typenames)

.debug_varnames
 *(.debug_varnames)

.debug_pubtypes
 *(.debug_pubtypes)

.debug_ranges   0x00000000       0x68
 *(.debug_ranges)
 .debug_ranges  0x00000000       0x68 main.o

.debug_macro
 *(.debug_macro)
OUTPUT(Lab6.elf elf32-avr)
LOAD linker stubs
